Component: ARM Compiler 5.06 update 6 (build 750) Tool: armlink [4d35ed]

==============================================================================

Section Cross References

    retarget.o(i._ttywrch) refers to retarget.o(i.sendchar) for sendchar
    retarget.o(i.fgetc) refers to retarget.o(i.getkey) for getkey
    retarget.o(i.fgetc) refers to retarget.o(i.sendchar) for sendchar
    retarget.o(i.fputc) refers to retarget.o(i.sendchar) for sendchar
    retarget.o(i.getkey) refers to uart.o(i.UARTInit) for UARTInit
    retarget.o(i.getkey) refers to uart.o(i.UARTReceiveChar) for UARTReceiveChar
    retarget.o(i.getkey) refers to retarget.o(.data) for uart_init_called
    retarget.o(i.sendchar) refers to uart.o(i.UARTInit) for UARTInit
    retarget.o(i.sendchar) refers to uart.o(i.UARTSendChar) for UARTSendChar
    retarget.o(i.sendchar) refers to retarget.o(.data) for uart_init_called
    uart.o(i.FreeRcv) refers to uart.o(i.Free) for Free
    uart.o(i.FreeRcv) refers to uart.o(.data) for RcvLock0
    uart.o(i.FreeSnd) refers to uart.o(i.Free) for Free
    uart.o(i.FreeSnd) refers to uart.o(.data) for SndLock0
    uart.o(i.LockRcv) refers to uart.o(i.Lock) for Lock
    uart.o(i.LockRcv) refers to uart.o(.data) for RcvLock0
    uart.o(i.LockSnd) refers to uart.o(i.Lock) for Lock
    uart.o(i.LockSnd) refers to uart.o(.data) for SndLock0
    uart.o(i.UART0_IRQHandler) refers to uart.o(.bss) for UART0Buffer
    uart.o(i.UART0_IRQHandler) refers to uart.o(.data) for UART0Count
    uart.o(i.UART1_IRQHandler) refers to uart.o(.bss) for UART1Buffer
    uart.o(i.UART1_IRQHandler) refers to uart.o(.data) for UART1Count
    uart.o(i.UARTInit) refers to uart.o(i.getFrequency) for getFrequency
    uart.o(i.UARTInit) refers to uart.o(i.__NVIC_EnableIRQ) for __NVIC_EnableIRQ
    uart.o(i.UARTInit) refers to uart.o(i.FreeRcv) for FreeRcv
    uart.o(i.UARTInit) refers to uart.o(i.FreeSnd) for FreeSnd
    uart.o(i.UARTRecieve) refers to uart.o(i.LockRcv) for LockRcv
    uart.o(i.UARTRecieve) refers to uart.o(i.FreeRcv) for FreeRcv
    uart.o(i.UARTRecieve) refers to uart.o(.data) for UART0Count
    uart.o(i.UARTRecieve) refers to uart.o(.bss) for UART0Buffer
    uart.o(i.UARTSend) refers to uart.o(i.LockSnd) for LockSnd
    uart.o(i.UARTSend) refers to uart.o(i.FreeSnd) for FreeSnd
    uart.o(i.UARTSend) refers to uart.o(.data) for UART0TxEmpty
    uart.o(i.getFrequency) refers to system_lpc17xx.o(.data) for SystemCoreClock
    final.o(i.main) refers to rtx_kernel.o(.text.osKernelInitialize) for osKernelInitialize
    final.o(i.main) refers to rtx_thread.o(.text.osThreadNew) for osThreadNew
    final.o(i.main) refers to rtx_kernel.o(.text.osKernelStart) for osKernelStart
    final.o(i.main) refers to final.o(i.testCases) for testCases
    final.o(i.startGenerals) refers to rtx_thread.o(.text.osThreadNew) for osThreadNew
    final.o(i.startGenerals) refers to printf3.o(i.__0printf$3) for __2printf
    final.o(i.startGenerals) refers to final.o(.data) for nGeneral
    final.o(i.startGenerals) refers to general.o(i.general) for general
    final.o(i.startGenerals) refers to final.o(.bss) for generals
    final.o(i.stopGenerals) refers to rtx_thread.o(.text.osThreadTerminate) for osThreadTerminate
    final.o(i.stopGenerals) refers to final.o(.bss) for generals
    final.o(i.stopGenerals) refers to final.o(.data) for nGeneral
    final.o(i.testCases) refers to printf3.o(i.__0printf$3) for __2printf
    final.o(i.testCases) refers to general.o(i.setup) for setup
    final.o(i.testCases) refers to final.o(i.startGenerals) for startGenerals
    final.o(i.testCases) refers to general.o(i.broadcast) for broadcast
    final.o(i.testCases) refers to general.o(i.cleanup) for cleanup
    final.o(i.testCases) refers to final.o(i.stopGenerals) for stopGenerals
    final.o(i.testCases) refers to final.o(.data) for tests
    general.o(i.broadcast) refers to strcpy.o(.text) for strcpy
    general.o(i.broadcast) refers to strcat.o(.text) for strcat
    general.o(i.broadcast) refers to rtx_msgqueue.o(.text.osMessageQueuePut) for osMessageQueuePut
    general.o(i.broadcast) refers to rtx_semaphore.o(.text.osSemaphoreAcquire) for osSemaphoreAcquire
    general.o(i.broadcast) refers to printf3.o(i.__0printf$3) for __2printf
    general.o(i.broadcast) refers to general.o(.data) for sender
    general.o(i.broadcast) refers to general.o(.bss) for queues
    general.o(i.cleanup) refers to rtx_semaphore.o(.text.osSemaphoreDelete) for osSemaphoreDelete
    general.o(i.cleanup) refers to rtx_msgqueue.o(.text.osMessageQueueDelete) for osMessageQueueDelete
    general.o(i.cleanup) refers to general.o(.bss) for done
    general.o(i.cleanup) refers to general.o(.data) for m
    general.o(i.general) refers to rtx_msgqueue.o(.text.osMessageQueueGet) for osMessageQueueGet
    general.o(i.general) refers to general.o(i.om) for om
    general.o(i.general) refers to rtx_semaphore.o(.text.osSemaphoreRelease) for osSemaphoreRelease
[...]
    Removing rtx_semaphore.o(.ARM.exidx.text.osSemaphoreGetCount), (8 bytes).
    Removing rtx_semaphore.o(.text.svcRtxSemaphoreGetCount), (16 bytes).
    Removing rtx_semaphore.o(.ARM.exidx.text.svcRtxSemaphoreGetCount), (8 bytes).
    Removing rtx_semaphore.o(.ARM.exidx.text.osSemaphoreDelete), (8 bytes).
    Removing rtx_semaphore.o(.ARM.exidx.text.svcRtxSemaphoreNew), (8 bytes).
    Removing rtx_semaphore.o(.ARM.exidx.text.osRtxSemaphorePostProcess), (8 bytes).
    Removing rtx_semaphore.o(.text.svcRtxSemaphoreGetName), (16 bytes).
    Removing rtx_semaphore.o(.ARM.exidx.text.svcRtxSemaphoreGetName), (8 bytes).
    Removing rtx_semaphore.o(.ARM.exidx.text.svcRtxSemaphoreAcquire), (8 bytes).
    Removing rtx_semaphore.o(.ARM.exidx.text.svcRtxSemaphoreRelease), (8 bytes).
    Removing rtx_semaphore.o(.ARM.exidx.text.svcRtxSemaphoreDelete), (8 bytes).
    Removing rtx_msgqueue.o(.text), (0 bytes).
    Removing rtx_msgqueue.o(.ARM.exidx.text.osMessageQueueNew), (8 bytes).
    Removing rtx_msgqueue.o(.text.osMessageQueueGetName), (36 bytes).
    Removing rtx_msgqueue.o(.ARM.exidx.text.osMessageQueueGetName), (8 bytes).
    Removing rtx_msgqueue.o(.ARM.exidx.text.osMessageQueuePut), (8 bytes).
    Removing rtx_msgqueue.o(.ARM.exidx.text.osMessageQueueGet), (8 bytes).
    Removing rtx_msgqueue.o(.text.osMessageQueueGetCapacity), (48 bytes).
    Removing rtx_msgqueue.o(.ARM.exidx.text.osMessageQueueGetCapacity), (8 bytes).
    Removing rtx_msgqueue.o(.text.svcRtxMessageQueueGetCapacity), (16 bytes).
    Removing rtx_msgqueue.o(.ARM.exidx.text.svcRtxMessageQueueGetCapacity), (8 bytes).
    Removing rtx_msgqueue.o(.text.osMessageQueueGetMsgSize), (48 bytes).
    Removing rtx_msgqueue.o(.ARM.exidx.text.osMessageQueueGetMsgSize), (8 bytes).
    Removing rtx_msgqueue.o(.text.svcRtxMessageQueueGetMsgSize), (16 bytes).
    Removing rtx_msgqueue.o(.ARM.exidx.text.svcRtxMessageQueueGetMsgSize), (8 bytes).
    Removing rtx_msgqueue.o(.text.osMessageQueueGetCount), (48 bytes).
    Removing rtx_msgqueue.o(.ARM.exidx.text.osMessageQueueGetCount), (8 bytes).
    Removing rtx_msgqueue.o(.text.svcRtxMessageQueueGetCount), (16 bytes).
    Removing rtx_msgqueue.o(.ARM.exidx.text.svcRtxMessageQueueGetCount), (8 bytes).
    Removing rtx_msgqueue.o(.text.osMessageQueueGetSpace), (36 bytes).
    Removing rtx_msgqueue.o(.ARM.exidx.text.osMessageQueueGetSpace), (8 bytes).
    Removing rtx_msgqueue.o(.text.svcRtxMessageQueueGetSpace), (20 bytes).
    Removing rtx_msgqueue.o(.ARM.exidx.text.svcRtxMessageQueueGetSpace), (8 bytes).
    Removing rtx_msgqueue.o(.text.osMessageQueueReset), (36 bytes).
    Removing rtx_msgqueue.o(.ARM.exidx.text.osMessageQueueReset), (8 bytes).
    Removing rtx_msgqueue.o(.ARM.exidx.text.osMessageQueueDelete), (8 bytes).
    Removing rtx_msgqueue.o(.ARM.exidx.text.svcRtxMessageQueueNew), (8 bytes).
    Removing rtx_msgqueue.o(.ARM.exidx.text.osRtxMessageQueuePostProcess), (8 bytes).
    Removing rtx_msgqueue.o(.ARM.exidx.text.MessageQueueRemove), (8 bytes).
    Removing rtx_msgqueue.o(.ARM.exidx.text.MessageQueuePut), (8 bytes).
    Removing rtx_msgqueue.o(.text.svcRtxMessageQueueGetName), (16 bytes).
    Removing rtx_msgqueue.o(.ARM.exidx.text.svcRtxMessageQueueGetName), (8 bytes).
    Removing rtx_msgqueue.o(.ARM.exidx.text.svcRtxMessageQueuePut), (8 bytes).
    Removing rtx_msgqueue.o(.ARM.exidx.text.MessageQueueGet), (8 bytes).
    Removing rtx_msgqueue.o(.ARM.exidx.text.svcRtxMessageQueueGet), (8 bytes).
    Removing rtx_msgqueue.o(.text.svcRtxMessageQueueReset), (174 bytes).
    Removing rtx_msgqueue.o(.ARM.exidx.text.svcRtxMessageQueueReset), (8 bytes).
    Removing rtx_msgqueue.o(.ARM.exidx.text.svcRtxMessageQueueDelete), (8 bytes).
    Removing irq_cm3.o(.constdata), (1 bytes).
    Removing rtx_timer.o(.text), (0 bytes).
    Removing rtx_timer.o(.ARM.exidx.text.osRtxTimerThread), (8 bytes).
    Removing rtx_timer.o(.ARM.exidx.text.osRtxTimerTick), (8 bytes).
    Removing rtx_timer.o(.text.osTimerNew), (48 bytes).
    Removing rtx_timer.o(.ARM.exidx.text.osTimerNew), (8 bytes).
    Removing rtx_timer.o(.text.osTimerGetName), (36 bytes).
    Removing rtx_timer.o(.ARM.exidx.text.osTimerGetName), (8 bytes).
    Removing rtx_timer.o(.text.osTimerStart), (36 bytes).
    Removing rtx_timer.o(.ARM.exidx.text.osTimerStart), (8 bytes).
    Removing rtx_timer.o(.text.osTimerStop), (36 bytes).
    Removing rtx_timer.o(.ARM.exidx.text.osTimerStop), (8 bytes).
    Removing rtx_timer.o(.text.osTimerIsRunning), (36 bytes).
    Removing rtx_timer.o(.ARM.exidx.text.osTimerIsRunning), (8 bytes).
    Removing rtx_timer.o(.text.osTimerDelete), (36 bytes).
    Removing rtx_timer.o(.ARM.exidx.text.osTimerDelete), (8 bytes).
    Removing rtx_timer.o(.ARM.exidx.text.TimerInsert), (8 bytes).
    Removing rtx_timer.o(.text.svcRtxTimerNew), (124 bytes).
    Removing rtx_timer.o(.ARM.exidx.text.svcRtxTimerNew), (8 bytes).
    Removing rtx_timer.o(.text.svcRtxTimerGetName), (16 bytes).
    Removing rtx_timer.o(.ARM.exidx.text.svcRtxTimerGetName), (8 bytes).
    Removing rtx_timer.o(.text.svcRtxTimerStart), (76 bytes).
    Removing rtx_timer.o(.ARM.exidx.text.svcRtxTimerStart), (8 bytes).
    Removing rtx_timer.o(.text.TimerRemove), (40 bytes).
    Removing rtx_timer.o(.ARM.exidx.text.TimerRemove), (8 bytes).
    Removing rtx_timer.o(.text.svcRtxTimerStop), (40 bytes).
    Removing rtx_timer.o(.ARM.exidx.text.svcRtxTimerStop), (8 bytes).
    Removing rtx_timer.o(.text.svcRtxTimerIsRunning), (24 bytes).
    Removing rtx_timer.o(.ARM.exidx.text.svcRtxTimerIsRunning), (8 bytes).
    Removing rtx_timer.o(.text.svcRtxTimerDelete), (76 bytes).
    Removing rtx_timer.o(.ARM.exidx.text.svcRtxTimerDelete), (8 bytes).
    Removing rtx_mutex.o(.text), (0 bytes).
    Removing rtx_mutex.o(.ARM.exidx.text.osRtxMutexOwnerRelease), (8 bytes).
    Removing rtx_mutex.o(.text.osMutexNew), (36 bytes).
    Removing rtx_mutex.o(.ARM.exidx.text.osMutexNew), (8 bytes).
    Removing rtx_mutex.o(.text.osMutexGetName), (36 bytes).
    Removing rtx_mutex.o(.ARM.exidx.text.osMutexGetName), (8 bytes).
    Removing rtx_mutex.o(.text.osMutexAcquire), (36 bytes).
    Removing rtx_mutex.o(.ARM.exidx.text.osMutexAcquire), (8 bytes).
    Removing rtx_mutex.o(.text.osMutexRelease), (36 bytes).
    Removing rtx_mutex.o(.ARM.exidx.text.osMutexRelease), (8 bytes).
    Removing rtx_mutex.o(.text.osMutexGetOwner), (36 bytes).
    Removing rtx_mutex.o(.ARM.exidx.text.osMutexGetOwner), (8 bytes).
    Removing rtx_mutex.o(.text.osMutexDelete), (36 bytes).
    Removing rtx_mutex.o(.ARM.exidx.text.osMutexDelete), (8 bytes).
    Removing rtx_mutex.o(.text.svcRtxMutexNew), (108 bytes).
    Removing rtx_mutex.o(.ARM.exidx.text.svcRtxMutexNew), (8 bytes).
    Removing rtx_mutex.o(.text.svcRtxMutexGetName), (16 bytes).
    Removing rtx_mutex.o(.ARM.exidx.text.svcRtxMutexGetName), (8 bytes).
    Removing rtx_mutex.o(.text.svcRtxMutexAcquire), (144 bytes).
    Removing rtx_mutex.o(.ARM.exidx.text.svcRtxMutexAcquire), (8 bytes).
    Removing rtx_mutex.o(.text.svcRtxMutexRelease), (184 bytes).
    Removing rtx_mutex.o(.ARM.exidx.text.svcRtxMutexRelease), (8 bytes).
    Removing rtx_mutex.o(.text.svcRtxMutexGetOwner), (20 bytes).
    Removing rtx_mutex.o(.ARM.exidx.text.svcRtxMutexGetOwner), (8 bytes).
    Removing rtx_mutex.o(.text.svcRtxMutexDelete), (196 bytes).
    Removing rtx_mutex.o(.ARM.exidx.text.svcRtxMutexDelete), (8 bytes).
    Removing rtx_memory.o(.text), (0 bytes).
    Removing rtx_memory.o(.ARM.exidx.text.osRtxMemoryInit), (8 bytes).
    Removing rtx_memory.o(.ARM.exidx.text.osRtxMemoryAlloc), (8 bytes).
    Removing rtx_memory.o(.ARM.exidx.text.osRtxMemoryFree), (8 bytes).
    Removing rtx_mempool.o(.text), (0 bytes).
    Removing rtx_mempool.o(.ARM.exidx.text.osRtxMemoryPoolInit), (8 bytes).
    Removing rtx_mempool.o(.ARM.exidx.text.osRtxMemoryPoolAlloc), (8 bytes).
    Removing rtx_mempool.o(.ARM.exidx.text.osRtxMemoryPoolFree), (8 bytes).
    Removing rtx_mempool.o(.text.osMemoryPoolNew), (36 bytes).
    Removing rtx_mempool.o(.ARM.exidx.text.osMemoryPoolNew), (8 bytes).
    Removing rtx_mempool.o(.text.osMemoryPoolGetName), (36 bytes).
    Removing rtx_mempool.o(.ARM.exidx.text.osMemoryPoolGetName), (8 bytes).
    Removing rtx_mempool.o(.text.osMemoryPoolAlloc), (104 bytes).
    Removing rtx_mempool.o(.ARM.exidx.text.osMemoryPoolAlloc), (8 bytes).
    Removing rtx_mempool.o(.text.osMemoryPoolFree), (72 bytes).
    Removing rtx_mempool.o(.ARM.exidx.text.osMemoryPoolFree), (8 bytes).
    Removing rtx_mempool.o(.text.osMemoryPoolGetCapacity), (48 bytes).
    Removing rtx_mempool.o(.ARM.exidx.text.osMemoryPoolGetCapacity), (8 bytes).
    Removing rtx_mempool.o(.text.svcRtxMemoryPoolGetCapacity), (16 bytes).
    Removing rtx_mempool.o(.ARM.exidx.text.svcRtxMemoryPoolGetCapacity), (8 bytes).
    Removing rtx_mempool.o(.text.osMemoryPoolGetBlockSize), (48 bytes).
    Removing rtx_mempool.o(.ARM.exidx.text.osMemoryPoolGetBlockSize), (8 bytes).
    Removing rtx_mempool.o(.text.svcRtxMemoryPoolGetBlockSize), (16 bytes).
    Removing rtx_mempool.o(.ARM.exidx.text.svcRtxMemoryPoolGetBlockSize), (8 bytes).
    Removing rtx_mempool.o(.text.osMemoryPoolGetCount), (48 bytes).
    Removing rtx_mempool.o(.ARM.exidx.text.osMemoryPoolGetCount), (8 bytes).
    Removing rtx_mempool.o(.text.svcRtxMemoryPoolGetCount), (16 bytes).
    Removing rtx_mempool.o(.ARM.exidx.text.svcRtxMemoryPoolGetCount), (8 bytes).
    Removing rtx_mempool.o(.text.osMemoryPoolGetSpace), (36 bytes).
    Removing rtx_mempool.o(.ARM.exidx.text.osMemoryPoolGetSpace), (8 bytes).
    Removing rtx_mempool.o(.text.svcRtxMemoryPoolGetSpace), (20 bytes).
    Removing rtx_mempool.o(.ARM.exidx.text.svcRtxMemoryPoolGetSpace), (8 bytes).
    Removing rtx_mempool.o(.text.osMemoryPoolDelete), (36 bytes).
    Removing rtx_mempool.o(.ARM.exidx.text.osMemoryPoolDelete), (8 bytes).
    Removing rtx_mempool.o(.text.svcRtxMemoryPoolNew), (332 bytes).
    Removing rtx_mempool.o(.ARM.exidx.text.svcRtxMemoryPoolNew), (8 bytes).
    Removing rtx_mempool.o(.text.osRtxMemoryPoolPostProcess), (72 bytes).
    Removing rtx_mempool.o(.ARM.exidx.text.osRtxMemoryPoolPostProcess), (8 bytes).
    Removing rtx_mempool.o(.text.svcRtxMemoryPoolGetName), (16 bytes).
    Removing rtx_mempool.o(.ARM.exidx.text.svcRtxMemoryPoolGetName), (8 bytes).
    Removing rtx_mempool.o(.text.svcRtxMemoryPoolAlloc), (92 bytes).
    Removing rtx_mempool.o(.ARM.exidx.text.svcRtxMemoryPoolAlloc), (8 bytes).
    Removing rtx_mempool.o(.text.svcRtxMemoryPoolFree), (100 bytes).
    Removing rtx_mempool.o(.ARM.exidx.text.svcRtxMemoryPoolFree), (8 bytes).
    Removing rtx_mempool.o(.text.svcRtxMemoryPoolDelete), (108 bytes).
    Removing rtx_mempool.o(.ARM.exidx.text.svcRtxMemoryPoolDelete), (8 bytes).
    Removing rtx_system.o(.text), (0 bytes).
    Removing rtx_system.o(.ARM.exidx.text.osRtxTick_Handler), (8 bytes).
    Removing rtx_system.o(.ARM.exidx.text.osRtxPendSV_Handler), (8 bytes).
    Removing rtx_system.o(.ARM.exidx.text.osRtxPostProcess), (8 bytes).
    Removing os_systick.o(.text), (0 bytes).
    Removing os_systick.o(.ARM.exidx.text.OS_Tick_Setup), (8 bytes).
    Removing os_systick.o(.ARM.exidx.text.OS_Tick_Enable), (8 bytes).
    Removing os_systick.o(.text.OS_Tick_Disable), (48 bytes).
    Removing os_systick.o(.ARM.exidx.text.OS_Tick_Disable), (8 bytes).
    Removing os_systick.o(.ARM.exidx.text.OS_Tick_AcknowledgeIRQ), (8 bytes).
    Removing os_systick.o(.ARM.exidx.text.OS_Tick_GetIRQn), (8 bytes).
    Removing os_systick.o(.text.OS_Tick_GetClock), (12 bytes).
    Removing os_systick.o(.ARM.exidx.text.OS_Tick_GetClock), (8 bytes).
    Removing os_systick.o(.text.OS_Tick_GetInterval), (12 bytes).
    Removing os_systick.o(.ARM.exidx.text.OS_Tick_GetInterval), (8 bytes).
    Removing os_systick.o(.text.OS_Tick_GetCount), (16 bytes).
    Removing os_systick.o(.ARM.exidx.text.OS_Tick_GetCount), (8 bytes).
    Removing os_systick.o(.text.OS_Tick_GetOverflow), (16 bytes).
    Removing os_systick.o(.ARM.exidx.text.OS_Tick_GetOverflow), (8 bytes).
    Removing dadd.o(.text), (334 bytes).
    Removing dmul.o(.text), (228 bytes).
    Removing ddiv.o(.text), (222 bytes).
    Removing dfixul.o(.text), (48 bytes).
    Removing cdrcmple.o(.text), (48 bytes).
    Removing depilogue.o(.text), (186 bytes).

360 unused section(s) (total 17975 bytes) removed from the image.

==============================================================================

Image Symbol Table

    Local Symbols

    Symbol Name                              Value     Ov Type        Size  Object(Section)

    RESET                                    0x00000000   Section      204  startup_lpc17xx.o(RESET)
    ../clib/../cmprslib/zerorunl2.c          0x00000000   Number         0  __dczerorl2.o ABSOLUTE
    ../clib/microlib/division.c              0x00000000   Number         0  uidiv.o ABSOLUTE
    ../clib/microlib/division.c              0x00000000   Number         0  uldiv.o ABSOLUTE
    ../clib/microlib/init/entry.s            0x00000000   Number         0  entry.o ABSOLUTE
    ../clib/microlib/init/entry.s            0x00000000   Number         0  entry10b.o ABSOLUTE
    ../clib/microlib/init/entry.s            0x00000000   Number         0  entry8b.o ABSOLUTE
    ../clib/microlib/init/entry.s            0x00000000   Number         0  entry9a.o ABSOLUTE
    ../clib/microlib/init/entry.s            0x00000000   Number         0  entry9b.o ABSOLUTE
    ../clib/microlib/init/entry.s            0x00000000   Number         0  entry11b.o ABSOLUTE
    ../clib/microlib/init/entry.s            0x00000000   Number         0  entry7b.o ABSOLUTE
    ../clib/microlib/init/entry.s            0x00000000   Number         0  entry10a.o ABSOLUTE
    ../clib/microlib/init/entry.s            0x00000000   Number         0  entry11a.o ABSOLUTE
    ../clib/microlib/init/entry.s            0x00000000   Number         0  entry2.o ABSOLUTE
    ../clib/microlib/init/entry.s            0x00000000   Number         0  entry5.o ABSOLUTE
    ../clib/microlib/init/entry.s            0x00000000   Number         0  entry7a.o ABSOLUTE
    ../clib/microlib/init/entry.s            0x00000000   Number         0  entry8a.o ABSOLUTE
    ../clib/microlib/longlong.c              0x00000000   Number         0  llshl.o ABSOLUTE
    ../clib/microlib/longlong.c              0x00000000   Number         0  llsshr.o ABSOLUTE
    ../clib/microlib/longlong.c              0x00000000   Number         0  llushr.o ABSOLUTE
    ../clib/microlib/printf/printf.c         0x00000000   Number         0  printf1.o ABSOLUTE
    ../clib/microlib/printf/printf.c         0x00000000   Number         0  printf2.o ABSOLUTE
    ../clib/microlib/printf/printf.c         0x00000000   Number         0  printf7.o ABSOLUTE
    ../clib/microlib/printf/printf.c         0x00000000   Number         0  printf5.o ABSOLUTE
    ../clib/microlib/printf/printf.c         0x00000000   Number         0  printfb.o ABSOLUTE
    ../clib/microlib/printf/printf.c         0x00000000   Number         0  printf8.o ABSOLUTE
    ../clib/microlib/printf/printf.c         0x00000000   Number         0  printfa.o ABSOLUTE
    ../clib/microlib/printf/printf.c         0x00000000   Number         0  printf4.o ABSOLUTE
    ../clib/microlib/printf/printf.c         0x00000000   Number         0  printf0.o ABSOLUTE
    ../clib/microlib/printf/printf.c         0x00000000   Number         0  printf3.o ABSOLUTE
    ../clib/microlib/printf/printf.c         0x00000000   Number         0  printf6.o ABSOLUTE
    ../clib/microlib/printf/stubs.s          0x00000000   Number         0  stubs.o ABSOLUTE
    ../clib/microlib/string/memcpy.c         0x00000000   Number         0  memcpya.o ABSOLUTE
    ../clib/microlib/string/memcpy.c         0x00000000   Number         0  memcpyb.o ABSOLUTE
    ../clib/microlib/string/memset.c         0x00000000   Number         0  memseta.o ABSOLUTE
    ../clib/microlib/string/strcat.c         0x00000000   Number         0  strcat.o ABSOLUTE
    ../clib/microlib/string/strchr.c         0x00000000   Number         0  strchr.o ABSOLUTE
    ../clib/microlib/string/strcpy.c         0x00000000   Number         0  strcpy.o ABSOLUTE
    ../clib/microlib/string/strlen.c         0x00000000   Number         0  strlen.o ABSOLUTE
    ../clib/microlib/string/strncat.c        0x00000000   Number         0  strncat.o ABSOLUTE
    ../clib/microlib/stubs.s                 0x00000000   Number         0  iusefp.o ABSOLUTE
    ../fplib/microlib/fpadd.c                0x00000000   Number         0  dadd.o ABSOLUTE
    ../fplib/microlib/fpdiv.c                0x00000000   Number         0  ddiv.o ABSOLUTE
    ../fplib/microlib/fpepilogue.c           0x00000000   Number         0  depilogue.o ABSOLUTE
    ../fplib/microlib/fpfix.c                0x00000000   Number         0  dfixul.o ABSOLUTE
    ../fplib/microlib/fpmul.c                0x00000000   Number         0  dmul.o ABSOLUTE
    ..\..\..\Source\ARM\irq_cm3.s            0x00000000   Number         0  irq_cm3.o ABSOLUTE
    C:\Users\shyam\AppData\Local\Arm\Packs\ARM\CMSIS\5.6.0\CMSIS\RTOS2\RTX\Source\rtx_lib.c 0x00000000   Number         0  rtx_lib.o ABSOLUTE
    C:\\Users\\shyam\\AppData\\Local\\Arm\\Packs\\ARM\\CMSIS\\5.6.0\\CMSIS\\RTOS2\\RTX\\Source\\rtx_lib.c 0x00000000   Number         0  rtx_lib.o ABSOLUTE
    RTE\CMSIS\RTX_Config.c                   0x00000000   Number         0  rtx_config.o ABSOLUTE
    RTE\Device\LPC1768\startup_LPC17xx.s     0x00000000   Number         0  startup_lpc17xx.o ABSOLUTE
    RTE\Device\LPC1768\system_LPC17xx.c      0x00000000   Number         0  system_lpc17xx.o ABSOLUTE
    RTE\\CMSIS\\RTX_Config.c                 0x00000000   Number         0  rtx_config.o ABSOLUTE
    RTE\\Device\\LPC1768\\system_LPC17xx.c   0x00000000   Number         0  system_lpc17xx.o ABSOLUTE
    cdrcmple.s                               0x00000000   Number         0  cdrcmple.o ABSOLUTE
    dc.s                                     0x00000000   Number         0  dc.o ABSOLUTE
    final.c                                  0x00000000   Number         0  final.o ABSOLUTE
    general.c                                0x00000000   Number         0  general.o ABSOLUTE
    handlers.s                               0x00000000   Number         0  handlers.o ABSOLUTE
    init.s                                   0x00000000   Number         0  init.o ABSOLUTE
    os_systick.c                             0x00000000   Number         0  os_systick.o ABSOLUTE
    rtx_kernel.c                             0x00000000   Number         0  rtx_kernel.o ABSOLUTE
    rtx_memory.c                             0x00000000   Number         0  rtx_memory.o ABSOLUTE
    rtx_mempool.c                            0x00000000   Number         0  rtx_mempool.o ABSOLUTE
    rtx_msgqueue.c                           0x00000000   Number         0  rtx_msgqueue.o ABSOLUTE
    rtx_mutex.c                              0x00000000   Number         0  rtx_mutex.o ABSOLUTE
    rtx_semaphore.c                          0x00000000   Number         0  rtx_semaphore.o ABSOLUTE
    rtx_system.c                             0x00000000   Number         0  rtx_system.o ABSOLUTE
    rtx_thread.c                             0x00000000   Number         0  rtx_thread.o ABSOLUTE
    rtx_timer.c                              0x00000000   Number         0  rtx_timer.o ABSOLUTE
    util\Retarget.c                          0x00000000   Number         0  retarget.o ABSOLUTE
    util\\uart.c                             0x00000000   Number         0  uart.o ABSOLUTE
    util\uart.c                              0x00000000   Number         0  uart.o ABSOLUTE
    .ARM.Collect$$$$00000000                 0x000000cc   Section        0  entry.o(.ARM.Collect$$$$00000000)
    .ARM.Collect$$$$00000001                 0x000000cc   Section        4  entry2.o(.ARM.Collect$$$$00000001)
    .ARM.Collect$$$$00000004                 0x000000d0   Section        4  entry5.o(.ARM.Collect$$$$00000004)
    .ARM.Collect$$$$00000008                 0x000000d4   Section        0  entry7b.o(.ARM.Collect$$$$00000008)
    .ARM.Collect$$$$0000000A                 0x000000d4   Section        0  entry8b.o(.ARM.Collect$$$$0000000A)
    .ARM.Collect$$$$0000000B                 0x000000d4   Section        8  entry9a.o(.ARM.Collect$$$$0000000B)
    .ARM.Collect$$$$0000000D                 0x000000dc   Section        0  entry10a.o(.ARM.Collect$$$$0000000D)
    .ARM.Collect$$$$0000000F                 0x000000dc   Section        0  entry11a.o(.ARM.Collect$$$$0000000F)
    .ARM.Collect$$$$00002712                 0x000000dc   Section        4  entry2.o(.ARM.Collect$$$$00002712)
    __lit__00000000                          0x000000dc   Data           4  entry2.o(.ARM.Collect$$$$00002712)
    .text                                    0x000000e0   Section       36  startup_lpc17xx.o(.text)
    .text                                    0x00000104   Section      148  irq_cm3.o(.text)
    .text                                    0x00000198   Section        0  memcpya.o(.text)
    .text                                    0x000001bc   Section        0  memseta.o(.text)
    .text                                    0x000001e0   Section        0  strcat.o(.text)
    .text                                    0x000001f8   Section        0  strchr.o(.text)
    .text                                    0x0000020c   Section        0  strlen.o(.text)
    .text                                    0x0000021a   Section        0  strncat.o(.text)
    .text                                    0x00000242   Section        0  strcpy.o(.text)
    .text                                    0x00000254   Section        0  uidiv.o(.text)
    .text                                    0x00000280   Section       36  init.o(.text)
    .text                                    0x000002a4   Section        0  __dczerorl2.o(.text)
    [Anonymous Symbol]                       0x000002fa   Section        0  rtx_kernel.o(.text.osRtxKernelPreInit)
    .ARM.__at_0x02FC                         0x000002fc   Section        4  startup_lpc17xx.o(.ARM.__at_0x02FC)
    [Anonymous Symbol]                       0x00000300   Section        0  rtx_msgqueue.o(.text.MessageQueueGet)
    MessageQueueGet                          0x00000301   Thumb Code    68  rtx_msgqueue.o(.text.MessageQueueGet)
    [Anonymous Symbol]                       0x00000344   Section        0  rtx_msgqueue.o(.text.MessageQueuePut)
    MessageQueuePut                          0x00000345   Thumb Code    98  rtx_msgqueue.o(.text.MessageQueuePut)
    [Anonymous Symbol]                       0x000003a6   Section        0  rtx_msgqueue.o(.text.MessageQueueRemove)
    MessageQueueRemove                       0x000003a7   Thumb Code    28  rtx_msgqueue.o(.text.MessageQueueRemove)
    [Anonymous Symbol]                       0x000003c4   Section        0  os_systick.o(.text.OS_Tick_AcknowledgeIRQ)
    __arm_cp.3_0                             0x000003cc   Number         4  os_systick.o(.text.OS_Tick_AcknowledgeIRQ)
    [Anonymous Symbol]                       0x000003d0   Section        0  os_systick.o(.text.OS_Tick_Enable)
    __arm_cp.1_0                             0x000003f0   Number         4  os_systick.o(.text.OS_Tick_Enable)
    __arm_cp.1_1                             0x000003f4   Number         4  os_systick.o(.text.OS_Tick_Enable)
    __arm_cp.1_2                             0x000003f8   Number         4  os_systick.o(.text.OS_Tick_Enable)
    [Anonymous Symbol]                       0x000003fc   Section        0  os_systick.o(.text.OS_Tick_GetIRQn)
    [Anonymous Symbol]                       0x00000404   Section        0  os_systick.o(.text.OS_Tick_Setup)
    __arm_cp.0_0                             0x00000434   Number         4  os_systick.o(.text.OS_Tick_Setup)
    __arm_cp.0_1                             0x00000438   Number         4  os_systick.o(.text.OS_Tick_Setup)
    __arm_cp.0_2                             0x0000043c   Number         4  os_systick.o(.text.OS_Tick_Setup)
    __arm_cp.0_3                             0x00000440   Number         4  os_systick.o(.text.OS_Tick_Setup)
    [Anonymous Symbol]                       0x00000444   Section        0  rtx_thread.o(.text.ThreadFlagsCheck)
    ThreadFlagsCheck                         0x00000445   Thumb Code   106  rtx_thread.o(.text.ThreadFlagsCheck)
    [Anonymous Symbol]                       0x000004b0   Section        0  rtx_timer.o(.text.TimerInsert)
    TimerInsert                              0x000004b1   Thumb Code    80  rtx_timer.o(.text.TimerInsert)
    __arm_cp.8_0                             0x000004fc   Number         4  rtx_timer.o(.text.TimerInsert)
    [Anonymous Symbol]                       0x00000500   Section        0  rtx_kernel.o(.text.osKernelInitialize)
    __arm_cp.1_0                             0x00000528   Number         4  rtx_kernel.o(.text.osKernelInitialize)
    [Anonymous Symbol]                       0x0000052c   Section        0  rtx_kernel.o(.text.osKernelStart)
    __arm_cp.6_0                             0x0000054c   Number         4  rtx_kernel.o(.text.osKernelStart)
    [Anonymous Symbol]                       0x00000550   Section        0  rtx_msgqueue.o(.text.osMessageQueueDelete)
    __arm_cp.13_0                            0x00000570   Number         4  rtx_msgqueue.o(.text.osMessageQueueDelete)
    [Anonymous Symbol]                       0x00000574   Section        0  rtx_msgqueue.o(.text.osMessageQueueGet)
    __arm_cp.3_0                             0x000005dc   Number         4  rtx_msgqueue.o(.text.osMessageQueueGet)
    [Anonymous Symbol]                       0x000005e0   Section        0  rtx_msgqueue.o(.text.osMessageQueueNew)
    __arm_cp.0_0                             0x00000600   Number         4  rtx_msgqueue.o(.text.osMessageQueueNew)
    [Anonymous Symbol]                       0x00000604   Section        0  rtx_msgqueue.o(.text.osMessageQueuePut)
    __arm_cp.2_0                             0x00000678   Number         4  rtx_msgqueue.o(.text.osMessageQueuePut)
    [Anonymous Symbol]                       0x0000067c   Section        0  rtx_memory.o(.text.osRtxMemoryAlloc)
    [Anonymous Symbol]                       0x000006fc   Section        0  rtx_memory.o(.text.osRtxMemoryFree)
    [Anonymous Symbol]                       0x0000074e   Section        0  rtx_memory.o(.text.osRtxMemoryInit)
    [Anonymous Symbol]                       0x00000784   Section        0  rtx_mempool.o(.text.osRtxMemoryPoolAlloc)
    [Anonymous Symbol]                       0x000007be   Section        0  rtx_mempool.o(.text.osRtxMemoryPoolFree)
    [Anonymous Symbol]                       0x00000808   Section        0  rtx_mempool.o(.text.osRtxMemoryPoolInit)
    [Anonymous Symbol]                       0x0000084e   Section        0  rtx_msgqueue.o(.text.osRtxMessageQueuePostProcess)
    osRtxMessageQueuePostProcess             0x0000084f   Thumb Code   186  rtx_msgqueue.o(.text.osRtxMessageQueuePostProcess)
    [Anonymous Symbol]                       0x00000908   Section        0  rtx_mutex.o(.text.osRtxMutexOwnerRelease)
    [Anonymous Symbol]                       0x00000954   Section        0  rtx_system.o(.text.osRtxPendSV_Handler)
    __arm_cp.1_0                             0x000009e0   Number         4  rtx_system.o(.text.osRtxPendSV_Handler)
    [Anonymous Symbol]                       0x000009e4   Section        0  rtx_system.o(.text.osRtxPostProcess)
    __arm_cp.2_0                             0x00000a50   Number         4  rtx_system.o(.text.osRtxPostProcess)
    __arm_cp.2_1                             0x00000a54   Number         4  rtx_system.o(.text.osRtxPostProcess)
    [Anonymous Symbol]                       0x00000a58   Section        0  rtx_semaphore.o(.text.osRtxSemaphorePostProcess)
    osRtxSemaphorePostProcess                0x00000a59   Thumb Code    54  rtx_semaphore.o(.text.osRtxSemaphorePostProcess)
    [Anonymous Symbol]                       0x00000a90   Section        0  rtx_thread.o(.text.osRtxThreadBlock)
    osRtxThreadBlock                         0x00000a91   Thumb Code    56  rtx_thread.o(.text.osRtxThreadBlock)
    __arm_cp.10_0                            0x00000ac4   Number         4  rtx_thread.o(.text.osRtxThreadBlock)
    [Anonymous Symbol]                       0x00000ac8   Section        0  rtx_thread.o(.text.osRtxThreadDelayInsert)
    osRtxThreadDelayInsert                   0x00000ac9   Thumb Code   136  rtx_thread.o(.text.osRtxThreadDelayInsert)
    __arm_cp.14_0                            0x00000b4c   Number         4  rtx_thread.o(.text.osRtxThreadDelayInsert)
    [Anonymous Symbol]                       0x00000b50   Section        0  rtx_thread.o(.text.osRtxThreadDelayRemove)
    osRtxThreadDelayRemove                   0x00000b51   Thumb Code    60  rtx_thread.o(.text.osRtxThreadDelayRemove)
    __arm_cp.12_0                            0x00000b88   Number         4  rtx_thread.o(.text.osRtxThreadDelayRemove)
    [Anonymous Symbol]                       0x00000b8c   Section        0  rtx_thread.o(.text.osRtxThreadDelayTick)
    __arm_cp.5_0                             0x00000bbc   Number         4  rtx_thread.o(.text.osRtxThreadDelayTick)
    [Anonymous Symbol]                       0x00000bc0   Section        0  rtx_thread.o(.text.osRtxThreadDispatch)
    __arm_cp.9_0                             0x00000c18   Number         4  rtx_thread.o(.text.osRtxThreadDispatch)
    [Anonymous Symbol]                       0x00000c1c   Section        0  rtx_thread.o(.text.osRtxThreadFree)
    osRtxThreadFree                          0x00000c1d   Thumb Code    88  rtx_thread.o(.text.osRtxThreadFree)
    __arm_cp.52_0                            0x00000c70   Number         4  rtx_thread.o(.text.osRtxThreadFree)
    [Anonymous Symbol]                       0x00000c74   Section        0  rtx_thread.o(.text.osRtxThreadListGet)
    [Anonymous Symbol]                       0x00000c88   Section        0  rtx_thread.o(.text.osRtxThreadListPut)
    [Anonymous Symbol]                       0x00000cb2   Section        0  rtx_thread.o(.text.osRtxThreadListRemove)
    [Anonymous Symbol]                       0x00000cc6   Section        0  rtx_thread.o(.text.osRtxThreadPostProcess)
    osRtxThreadPostProcess                   0x00000cc7   Thumb Code    42  rtx_thread.o(.text.osRtxThreadPostProcess)
    [Anonymous Symbol]                       0x00000cf0   Section        0  rtx_thread.o(.text.osRtxThreadReadyPut)
    __arm_cp.4_0                             0x00000d00   Number         4  rtx_thread.o(.text.osRtxThreadReadyPut)
    [Anonymous Symbol]                       0x00000d04   Section        0  rtx_thread.o(.text.osRtxThreadRegPtr)
    [Anonymous Symbol]                       0x00000d0c   Section        0  rtx_thread.o(.text.osRtxThreadStackCheck)
    __arm_cp.8_0                             0x00000d2c   Number         4  rtx_thread.o(.text.osRtxThreadStackCheck)
    __arm_cp.8_1                             0x00000d30   Number         4  rtx_thread.o(.text.osRtxThreadStackCheck)
    [Anonymous Symbol]                       0x00000d34   Section        0  rtx_thread.o(.text.osRtxThreadStartup)
    __arm_cp.15_0                            0x00000d64   Number         4  rtx_thread.o(.text.osRtxThreadStartup)
    __arm_cp.15_1                            0x00000d68   Number         4  rtx_thread.o(.text.osRtxThreadStartup)
    __arm_cp.15_2                            0x00000d6c   Number         4  rtx_thread.o(.text.osRtxThreadStartup)
    __arm_cp.15_3                            0x00000d70   Number         4  rtx_thread.o(.text.osRtxThreadStartup)
    [Anonymous Symbol]                       0x00000d74   Section        0  rtx_thread.o(.text.osRtxThreadSwitch)
    __arm_cp.7_0                             0x00000d80   Number         4  rtx_thread.o(.text.osRtxThreadSwitch)
    [Anonymous Symbol]                       0x00000d84   Section        0  rtx_thread.o(.text.osRtxThreadWaitEnter)
    __arm_cp.13_0                            0x00000dbc   Number         4  rtx_thread.o(.text.osRtxThreadWaitEnter)
    [Anonymous Symbol]                       0x00000dc0   Section        0  rtx_thread.o(.text.osRtxThreadWaitExit)
    [Anonymous Symbol]                       0x00000de4   Section        0  rtx_system.o(.text.osRtxTick_Handler)
    __arm_cp.0_0                             0x00000e50   Number         4  rtx_system.o(.text.osRtxTick_Handler)
    [Anonymous Symbol]                       0x00000e54   Section        0  rtx_timer.o(.text.osRtxTimerThread)
    __arm_cp.0_0                             0x00000e84   Number         4  rtx_timer.o(.text.osRtxTimerThread)
    __arm_cp.0_1                             0x00000e88   Number         4  rtx_timer.o(.text.osRtxTimerThread)
    __arm_cp.0_2                             0x00000e8c   Number         4  rtx_timer.o(.text.osRtxTimerThread)
    [Anonymous Symbol]                       0x00000e90   Section        0  rtx_timer.o(.text.osRtxTimerTick)
    osRtxTimerTick                           0x00000e91   Thumb Code    88  rtx_timer.o(.text.osRtxTimerTick)
    __arm_cp.1_0                             0x00000ee4   Number         4  rtx_timer.o(.text.osRtxTimerTick)
    [Anonymous Symbol]                       0x00000ee8   Section        0  rtx_semaphore.o(.text.osSemaphoreAcquire)
    __arm_cp.2_0                             0x00000f38   Number         4  rtx_semaphore.o(.text.osSemaphoreAcquire)
    [Anonymous Symbol]                       0x00000f3c   Section        0  rtx_semaphore.o(.text.osSemaphoreDelete)
    __arm_cp.6_0                             0x00000f5c   Number         4  rtx_semaphore.o(.text.osSemaphoreDelete)
    [Anonymous Symbol]                       0x00000f60   Section        0  rtx_semaphore.o(.text.osSemaphoreNew)
    __arm_cp.0_0                             0x00000f80   Number         4  rtx_semaphore.o(.text.osSemaphoreNew)
    [Anonymous Symbol]                       0x00000f84   Section        0  rtx_semaphore.o(.text.osSemaphoreRelease)
    __arm_cp.3_0                             0x00000fe4   Number         4  rtx_semaphore.o(.text.osSemaphoreRelease)
    [Anonymous Symbol]                       0x00000fe8   Section        0  rtx_thread.o(.text.osThreadExit)
    __arm_cp.31_0                            0x00000ff0   Number         4  rtx_thread.o(.text.osThreadExit)
    [Anonymous Symbol]                       0x00000ff4   Section        0  rtx_thread.o(.text.osThreadNew)
    __arm_cp.17_0                            0x00001014   Number         4  rtx_thread.o(.text.osThreadNew)
    [Anonymous Symbol]                       0x00001018   Section        0  rtx_thread.o(.text.osThreadTerminate)
    __arm_cp.32_0                            0x00001038   Number         4  rtx_thread.o(.text.osThreadTerminate)
    [Anonymous Symbol]                       0x0000103c   Section        0  rtx_kernel.o(.text.svcRtxKernelInitialize)
    svcRtxKernelInitialize                   0x0000103d   Thumb Code   340  rtx_kernel.o(.text.svcRtxKernelInitialize)
    __arm_cp.20_0                            0x00001184   Number         4  rtx_kernel.o(.text.svcRtxKernelInitialize)
    __arm_cp.20_1                            0x00001188   Number         4  rtx_kernel.o(.text.svcRtxKernelInitialize)
    __arm_cp.20_2                            0x0000118c   Number         4  rtx_kernel.o(.text.svcRtxKernelInitialize)
    [Anonymous Symbol]                       0x00001190   Section        0  rtx_kernel.o(.text.svcRtxKernelStart)
    svcRtxKernelStart                        0x00001191   Thumb Code   136  rtx_kernel.o(.text.svcRtxKernelStart)
    __arm_cp.21_0                            0x00001208   Number         4  rtx_kernel.o(.text.svcRtxKernelStart)
    __arm_cp.21_1                            0x0000120c   Number         4  rtx_kernel.o(.text.svcRtxKernelStart)
    __arm_cp.21_2                            0x00001210   Number         4  rtx_kernel.o(.text.svcRtxKernelStart)
    __arm_cp.21_3                            0x00001214   Number         4  rtx_kernel.o(.text.svcRtxKernelStart)
    [Anonymous Symbol]                       0x00001218   Section        0  rtx_msgqueue.o(.text.svcRtxMessageQueueDelete)
    svcRtxMessageQueueDelete                 0x00001219   Thumb Code   112  rtx_msgqueue.o(.text.svcRtxMessageQueueDelete)
    __arm_cp.23_0                            0x00001284   Number         4  rtx_msgqueue.o(.text.svcRtxMessageQueueDelete)
    [Anonymous Symbol]                       0x00001288   Section        0  rtx_msgqueue.o(.text.svcRtxMessageQueueGet)
    svcRtxMessageQueueGet                    0x00001289   Thumb Code   224  rtx_msgqueue.o(.text.svcRtxMessageQueueGet)
    __arm_cp.21_0                            0x00001364   Number         4  rtx_msgqueue.o(.text.svcRtxMessageQueueGet)
    [Anonymous Symbol]                       0x00001368   Section        0  rtx_msgqueue.o(.text.svcRtxMessageQueueNew)
    svcRtxMessageQueueNew                    0x00001369   Thumb Code   308  rtx_msgqueue.o(.text.svcRtxMessageQueueNew)
    __arm_cp.14_0                            0x00001494   Number         4  rtx_msgqueue.o(.text.svcRtxMessageQueueNew)
    __arm_cp.14_1                            0x00001498   Number         4  rtx_msgqueue.o(.text.svcRtxMessageQueueNew)
    [Anonymous Symbol]                       0x0000149c   Section        0  rtx_msgqueue.o(.text.svcRtxMessageQueuePut)
    svcRtxMessageQueuePut                    0x0000149d   Thumb Code   192  rtx_msgqueue.o(.text.svcRtxMessageQueuePut)
    __arm_cp.19_0                            0x00001558   Number         4  rtx_msgqueue.o(.text.svcRtxMessageQueuePut)
    [Anonymous Symbol]                       0x0000155c   Section        0  rtx_semaphore.o(.text.svcRtxSemaphoreAcquire)
    svcRtxSemaphoreAcquire                   0x0000155d   Thumb Code    88  rtx_semaphore.o(.text.svcRtxSemaphoreAcquire)
    __arm_cp.10_0                            0x000015b0   Number         4  rtx_semaphore.o(.text.svcRtxSemaphoreAcquire)
    [Anonymous Symbol]                       0x000015b4   Section        0  rtx_semaphore.o(.text.svcRtxSemaphoreDelete)
    svcRtxSemaphoreDelete                    0x000015b5   Thumb Code    96  rtx_semaphore.o(.text.svcRtxSemaphoreDelete)
    __arm_cp.12_0                            0x00001610   Number         4  rtx_semaphore.o(.text.svcRtxSemaphoreDelete)
    [Anonymous Symbol]                       0x00001614   Section        0  rtx_semaphore.o(.text.svcRtxSemaphoreNew)
    svcRtxSemaphoreNew                       0x00001615   Thumb Code   128  rtx_semaphore.o(.text.svcRtxSemaphoreNew)
    __arm_cp.7_0                             0x0000168c   Number         4  rtx_semaphore.o(.text.svcRtxSemaphoreNew)
    __arm_cp.7_1                             0x00001690   Number         4  rtx_semaphore.o(.text.svcRtxSemaphoreNew)
    [Anonymous Symbol]                       0x00001694   Section        0  rtx_semaphore.o(.text.svcRtxSemaphoreRelease)
    svcRtxSemaphoreRelease                   0x00001695   Thumb Code    84  rtx_semaphore.o(.text.svcRtxSemaphoreRelease)
    [Anonymous Symbol]                       0x000016e8   Section        0  rtx_thread.o(.text.svcRtxThreadExit)
    svcRtxThreadExit                         0x000016e9   Thumb Code   112  rtx_thread.o(.text.svcRtxThreadExit)
    __arm_cp.54_0                            0x00001754   Number         4  rtx_thread.o(.text.svcRtxThreadExit)
    [Anonymous Symbol]                       0x00001758   Section        0  rtx_thread.o(.text.svcRtxThreadNew)
    svcRtxThreadNew                          0x00001759   Thumb Code   476  rtx_thread.o(.text.svcRtxThreadNew)
    __arm_cp.16_0                            0x00001920   Number         4  rtx_thread.o(.text.svcRtxThreadNew)
    __arm_cp.16_1                            0x00001924   Number         4  rtx_thread.o(.text.svcRtxThreadNew)
    __arm_cp.16_2                            0x00001928   Number         4  rtx_thread.o(.text.svcRtxThreadNew)
    __arm_cp.16_3                            0x0000192c   Number         4  rtx_thread.o(.text.svcRtxThreadNew)
    __arm_cp.16_4                            0x00001930   Number         4  rtx_thread.o(.text.svcRtxThreadNew)
    [Anonymous Symbol]                       0x00001934   Section        0  rtx_thread.o(.text.svcRtxThreadTerminate)
    svcRtxThreadTerminate                    0x00001935   Thumb Code   192  rtx_thread.o(.text.svcRtxThreadTerminate)
    __arm_cp.55_0                            0x000019f0   Number         4  rtx_thread.o(.text.svcRtxThreadTerminate)
    i.Free                                   0x000019f4   Section        0  uart.o(i.Free)
    i.FreeRcv                                0x000019fc   Section        0  uart.o(i.FreeRcv)
    i.FreeSnd                                0x00001a20   Section        0  uart.o(i.FreeSnd)
    i.SystemInit                             0x00001a44   Section        0  system_lpc17xx.o(i.SystemInit)
    i.UART0_IRQHandler                       0x00001b84   Section        0  uart.o(i.UART0_IRQHandler)
    i.UART1_IRQHandler                       0x00001bec   Section        0  uart.o(i.UART1_IRQHandler)
    i.UARTInit                               0x00001c5c   Section        0  uart.o(i.UARTInit)
    i.UARTSendChar                           0x00001d18   Section        0  uart.o(i.UARTSendChar)
    i.__0printf$3                            0x00001d3c   Section        0  printf3.o(i.__0printf$3)
    i.__NVIC_EnableIRQ                       0x00001d5c   Section        0  uart.o(i.__NVIC_EnableIRQ)
    __NVIC_EnableIRQ                         0x00001d5d   Thumb Code    34  uart.o(i.__NVIC_EnableIRQ)
    i.__scatterload_copy                     0x00001d7e   Section       14  handlers.o(i.__scatterload_copy)
    i.__scatterload_null                     0x00001d8c   Section        2  handlers.o(i.__scatterload_null)
    i.__scatterload_zeroinit                 0x00001d8e   Section       14  handlers.o(i.__scatterload_zeroinit)
    i._printf_core                           0x00001d9c   Section        0  printf3.o(i._printf_core)
    _printf_core                             0x00001d9d   Thumb Code   436  printf3.o(i._printf_core)
    i.broadcast                              0x00001f54   Section        0  general.o(i.broadcast)
    i.cleanup                                0x00002074   Section        0  general.o(i.cleanup)
    i.fputc                                  0x000020c8   Section        0  retarget.o(i.fputc)
    i.general                                0x000020d8   Section        0  general.o(i.general)
    i.getFrequency                           0x00002124   Section        0  uart.o(i.getFrequency)
    i.main                                   0x0000216c   Section        0  final.o(i.main)
    i.om                                     0x00002188   Section        0  general.o(i.om)
    i.osRtxErrorNotify                       0x000022d4   Section        0  rtx_config.o(i.osRtxErrorNotify)
    i.osRtxIdleThread                        0x000022f4   Section        0  rtx_config.o(i.osRtxIdleThread)
    i.sendchar                               0x000022f8   Section        0  retarget.o(i.sendchar)
    i.setup                                  0x0000233c   Section        0  general.o(i.setup)
    i.startGenerals                          0x0000244c   Section        0  final.o(i.startGenerals)
    i.stopGenerals                           0x000024b8   Section        0  final.o(i.stopGenerals)
    i.testCases                              0x000024e0   Section        0  final.o(i.testCases)
    .constdata                               0x00002588   Section       20  general.o(.constdata)
    .constdata                               0x0000259c   Section      100  rtx_lib.o(.constdata)
    os_idle_thread_attr                      0x0000259c   Data          36  rtx_lib.o(.constdata)
    os_timer_thread_attr                     0x000025c0   Data          36  rtx_lib.o(.constdata)
    os_timer_mq_attr                         0x000025e4   Data          24  rtx_lib.o(.constdata)
    .rodata                                  0x00002600   Section      160  rtx_lib.o(.rodata)
    __tagsym$$used                           0x00002600   Number         0  rtx_lib.o(.rodata)
    __tagsym$$used                           0x00002668   Number         0  rtx_lib.o(.rodata)
    [Anonymous Symbol]                       0x000026a0   Section        0  rtx_kernel.o(.rodata.str1.4)
    .L.str                                   0x000026a0   Data          11  rtx_kernel.o(.rodata.str1.4)
    .bss.os                                  0x10000000   Section    18496  rtx_lib.o(.bss.os)
    os_mem                                   0x10000000   Data       18432  rtx_lib.o(.bss.os)
    os_isr_queue                             0x10004800   Data          64  rtx_lib.o(.bss.os)
    .bss.os.msgqueue.cb                      0x10004840   Section       52  rtx_lib.o(.bss.os.msgqueue.cb)
    os_timer_mq_cb                           0x10004840   Data          52  rtx_lib.o(.bss.os.msgqueue.cb)
    .bss.os.msgqueue.mem                     0x10004874   Section       80  rtx_lib.o(.bss.os.msgqueue.mem)
    os_timer_mq_data                         0x10004874   Data          80  rtx_lib.o(.bss.os.msgqueue.mem)
    .bss.os.thread.cb                        0x100048c4   Section      136  rtx_lib.o(.bss.os.thread.cb)
    os_idle_thread_cb                        0x100048c4   Data          68  rtx_lib.o(.bss.os.thread.cb)
    os_timer_thread_cb                       0x10004908   Data          68  rtx_lib.o(.bss.os.thread.cb)
    .bss.os.thread.stack                     0x10004950   Section      512  rtx_lib.o(.bss.os.thread.stack)
    os_idle_thread_stack                     0x10004950   Data         256  rtx_lib.o(.bss.os.thread.stack)
    os_timer_thread_stack                    0x10004a50   Data         256  rtx_lib.o(.bss.os.thread.stack)
    .data                                    0x10004b50   Section       12  retarget.o(.data)
    .data                                    0x10004b5c   Section       32  uart.o(.data)
    .data                                    0x10004b7c   Section      256  final.o(.data)
    .data                                    0x10004c7c   Section       20  general.o(.data)
    .data                                    0x10004c90   Section        4  system_lpc17xx.o(.data)
    .bss                                     0x10004d38   Section      128  uart.o(.bss)
    .bss                                     0x10004db8   Section       28  final.o(.bss)
    .bss                                     0x10004dd4   Section      196  general.o(.bss)
    [Anonymous Symbol]                       0x10004e98   Section        0  os_systick.o(.bss.PendST)
    PendST                                   0x10004e98   Data           1  os_systick.o(.bss.PendST)
    STACK                                    0x10004ea0   Section     2048  startup_lpc17xx.o(STACK)

    Global Symbols

    Symbol Name                              Value     Ov Type        Size  Object(Section)

    BuildAttributes$$THM_ISAv4$P$D$K$B$S$PE$A:L22UL41UL21$X:L11$S22US41US21$IEEE1$IW$~IW$USESV6$~STKCKD$USESV7$~SHL$OSPACE$ROPI$EBA8$MICROLIB$REQ8$PRES8$EABIv2 0x00000000   Number         0  anon$$obj.o ABSOLUTE
    __ARM_use_no_argv                        0x00000000   Number         0  final.o ABSOLUTE
    __Vectors                                0x00000000   Data           4  startup_lpc17xx.o(RESET)
    _printf_a                                0x00000000   Number         0  stubs.o ABSOLUTE
    _printf_c                                0x00000000   Number         0  stubs.o ABSOLUTE
    _printf_charcount                        0x00000000   Number         0  stubs.o ABSOLUTE
    _printf_d                                0x00000000   Number         0  stubs.o ABSOLUTE
    _printf_e                                0x00000000   Number         0  stubs.o ABSOLUTE
    _printf_f                                0x00000000   Number         0  stubs.o ABSOLUTE
    _printf_flags                            0x00000000   Number         0  stubs.o ABSOLUTE
    _printf_fp_dec                           0x00000000   Number         0  stubs.o ABSOLUTE
    _printf_fp_hex                           0x00000000   Number         0  stubs.o ABSOLUTE
    _printf_g                                0x00000000   Number         0  stubs.o ABSOLUTE
    _printf_i                                0x00000000   Number         0  stubs.o ABSOLUTE
    _printf_int_dec                          0x00000000   Number         0  stubs.o ABSOLUTE
    _printf_l                                0x00000000   Number         0  stubs.o ABSOLUTE
    _printf_lc                               0x00000000   Number         0  stubs.o ABSOLUTE
    _printf_ll                               0x00000000   Number         0  stubs.o ABSOLUTE
    _printf_lld                              0x00000000   Number         0  stubs.o ABSOLUTE
    _printf_lli                              0x00000000   Number         0  stubs.o ABSOLUTE
    _printf_llo                              0x00000000   Number         0  stubs.o ABSOLUTE
    _printf_llu                              0x00000000   Number         0  stubs.o ABSOLUTE
    _printf_llx                              0x00000000   Number         0  stubs.o ABSOLUTE
    _printf_longlong_dec                     0x00000000   Number         0  stubs.o ABSOLUTE
    _printf_longlong_hex                     0x00000000   Number         0  stubs.o ABSOLUTE
    _printf_longlong_oct                     0x00000000   Number         0  stubs.o ABSOLUTE
    _printf_ls                               0x00000000   Number         0  stubs.o ABSOLUTE
    _printf_mbtowc                           0x00000000   Number         0  stubs.o ABSOLUTE
    _printf_n                                0x00000000   Number         0  stubs.o ABSOLUTE
    _printf_o                                0x00000000   Number         0  stubs.o ABSOLUTE
    _printf_p                                0x00000000   Number         0  stubs.o ABSOLUTE
    _printf_percent                          0x00000000   Number         0  stubs.o ABSOLUTE
    _printf_pre_padding                      0x00000000   Number         0  stubs.o ABSOLUTE
    _printf_return_value                     0x00000000   Number         0  stubs.o ABSOLUTE
    _printf_s                                0x00000000   Number         0  stubs.o ABSOLUTE
    _printf_sizespec                         0x00000000   Number         0  stubs.o ABSOLUTE
    _printf_str                              0x00000000   Number         0  stubs.o ABSOLUTE
    _printf_truncate_signed                  0x00000000   Number         0  stubs.o ABSOLUTE
    _printf_truncate_unsigned                0x00000000   Number         0  stubs.o ABSOLUTE
    _printf_u                                0x00000000   Number         0  stubs.o ABSOLUTE
    _printf_wc                               0x00000000   Number         0  stubs.o ABSOLUTE
    _printf_wctomb                           0x00000000   Number         0  stubs.o ABSOLUTE
    _printf_widthprec                        0x00000000   Number         0  stubs.o ABSOLUTE
    _printf_x                                0x00000000   Number         0  stubs.o ABSOLUTE
    .bss.os.evflags.cb$$Base                  - Undefined Weak Reference
    .bss.os.evflags.cb$$Limit                 - Undefined Weak Reference
    .bss.os.mempool.cb$$Base                  - Undefined Weak Reference
    .bss.os.mempool.cb$$Limit                 - Undefined Weak Reference
    .bss.os.mutex.cb$$Base                    - Undefined Weak Reference
    .bss.os.mutex.cb$$Limit                   - Undefined Weak Reference
    .bss.os.semaphore.cb$$Base                - Undefined Weak Reference
    .bss.os.semaphore.cb$$Limit               - Undefined Weak Reference
    .bss.os.timer.cb$$Base                    - Undefined Weak Reference
    .bss.os.timer.cb$$Limit                   - Undefined Weak Reference
    __cpp_initialize__aeabi_                  - Undefined Weak Reference
    __cxa_finalize                            - Undefined Weak Reference
    _clock_init                               - Undefined Weak Reference
    _microlib_exit                            - Undefined Weak Reference
    __main                                   0x000000cd   Thumb Code     0  entry.o(.ARM.Collect$$$$00000000)
    _main_stk                                0x000000cd   Thumb Code     0  entry2.o(.ARM.Collect$$$$00000001)
    _main_scatterload                        0x000000d1   Thumb Code     0  entry5.o(.ARM.Collect$$$$00000004)
    __main_after_scatterload                 0x000000d5   Thumb Code     0  entry5.o(.ARM.Collect$$$$00000004)
    _main_clock                              0x000000d5   Thumb Code     0  entry7b.o(.ARM.Collect$$$$00000008)
    _main_cpp_init                           0x000000d5   Thumb Code     0  entry8b.o(.ARM.Collect$$$$0000000A)
    _main_init                               0x000000d5   Thumb Code     0  entry9a.o(.ARM.Collect$$$$0000000B)
    __rt_final_cpp                           0x000000dd   Thumb Code     0  entry10a.o(.ARM.Collect$$$$0000000D)
    __rt_final_exit                          0x000000dd   Thumb Code     0  entry11a.o(.ARM.Collect$$$$0000000F)
    Reset_Handler                            0x000000e1   Thumb Code     8  startup_lpc17xx.o(.text)
    NMI_Handler                              0x000000e9   Thumb Code     2  startup_lpc17xx.o(.text)
    HardFault_Handler                        0x000000eb   Thumb Code     2  startup_lpc17xx.o(.text)
    MemManage_Handler                        0x000000ed   Thumb Code     2  startup_lpc17xx.o(.text)
    BusFault_Handler                         0x000000ef   Thumb Code     2  startup_lpc17xx.o(.text)
    UsageFault_Handler                       0x000000f1   Thumb Code     2  startup_lpc17xx.o(.text)
    DebugMon_Handler                         0x000000f5   Thumb Code     2  startup_lpc17xx.o(.text)
    ADC_IRQHandler                           0x000000fb   Thumb Code     0  startup_lpc17xx.o(.text)
    BOD_IRQHandler                           0x000000fb   Thumb Code     0  startup_lpc17xx.o(.text)
    CANActivity_IRQHandler                   0x000000fb   Thumb Code     0  startup_lpc17xx.o(.text)
    CAN_IRQHandler                           0x000000fb   Thumb Code     0  startup_lpc17xx.o(.text)
    DMA_IRQHandler                           0x000000fb   Thumb Code     0  startup_lpc17xx.o(.text)
    EINT0_IRQHandler                         0x000000fb   Thumb Code     0  startup_lpc17xx.o(.text)
    EINT1_IRQHandler                         0x000000fb   Thumb Code     0  startup_lpc17xx.o(.text)
    EINT2_IRQHandler                         0x000000fb   Thumb Code     0  startup_lpc17xx.o(.text)
    EINT3_IRQHandler                         0x000000fb   Thumb Code     0  startup_lpc17xx.o(.text)
    ENET_IRQHandler                          0x000000fb   Thumb Code     0  startup_lpc17xx.o(.text)
    I2C0_IRQHandler                          0x000000fb   Thumb Code     0  startup_lpc17xx.o(.text)
    I2C1_IRQHandler                          0x000000fb   Thumb Code     0  startup_lpc17xx.o(.text)
    I2C2_IRQHandler                          0x000000fb   Thumb Code     0  startup_lpc17xx.o(.text)
    I2S_IRQHandler                           0x000000fb   Thumb Code     0  startup_lpc17xx.o(.text)
    MCPWM_IRQHandler                         0x000000fb   Thumb Code     0  startup_lpc17xx.o(.text)
    PLL0_IRQHandler                          0x000000fb   Thumb Code     0  startup_lpc17xx.o(.text)
    PLL1_IRQHandler                          0x000000fb   Thumb Code     0  startup_lpc17xx.o(.text)
    PWM1_IRQHandler                          0x000000fb   Thumb Code     0  startup_lpc17xx.o(.text)
    QEI_IRQHandler                           0x000000fb   Thumb Code     0  startup_lpc17xx.o(.text)
    RIT_IRQHandler                           0x000000fb   Thumb Code     0  startup_lpc17xx.o(.text)
    RTC_IRQHandler                           0x000000fb   Thumb Code     0  startup_lpc17xx.o(.text)
    SPI_IRQHandler                           0x000000fb   Thumb Code     0  startup_lpc17xx.o(.text)
    SSP0_IRQHandler                          0x000000fb   Thumb Code     0  startup_lpc17xx.o(.text)
    SSP1_IRQHandler                          0x000000fb   Thumb Code     0  startup_lpc17xx.o(.text)
    TIMER0_IRQHandler                        0x000000fb   Thumb Code     0  startup_lpc17xx.o(.text)
    TIMER1_IRQHandler                        0x000000fb   Thumb Code     0  startup_lpc17xx.o(.text)
    TIMER2_IRQHandler                        0x000000fb   Thumb Code     0  startup_lpc17xx.o(.text)
    TIMER3_IRQHandler                        0x000000fb   Thumb Code     0  startup_lpc17xx.o(.text)
    UART2_IRQHandler                         0x000000fb   Thumb Code     0  startup_lpc17xx.o(.text)
    UART3_IRQHandler                         0x000000fb   Thumb Code     0  startup_lpc17xx.o(.text)
    USBActivity_IRQHandler                   0x000000fb   Thumb Code     0  startup_lpc17xx.o(.text)
    USB_IRQHandler                           0x000000fb   Thumb Code     0  startup_lpc17xx.o(.text)
    WDT_IRQHandler                           0x000000fb   Thumb Code     0  startup_lpc17xx.o(.text)
    SVC_Handler                              0x00000105   Thumb Code   108  irq_cm3.o(.text)
    PendSV_Handler                           0x00000171   Thumb Code    16  irq_cm3.o(.text)
    SysTick_Handler                          0x00000181   Thumb Code    16  irq_cm3.o(.text)
    __aeabi_memcpy                           0x00000199   Thumb Code    36  memcpya.o(.text)
    __aeabi_memcpy4                          0x00000199   Thumb Code     0  memcpya.o(.text)
    __aeabi_memcpy8                          0x00000199   Thumb Code     0  memcpya.o(.text)
    __aeabi_memset                           0x000001bd   Thumb Code    14  memseta.o(.text)
    __aeabi_memset4                          0x000001bd   Thumb Code     0  memseta.o(.text)
    __aeabi_memset8                          0x000001bd   Thumb Code     0  memseta.o(.text)
    __aeabi_memclr                           0x000001cb   Thumb Code     4  memseta.o(.text)
    __aeabi_memclr4                          0x000001cb   Thumb Code     0  memseta.o(.text)
    __aeabi_memclr8                          0x000001cb   Thumb Code     0  memseta.o(.text)
    _memset$wrapper                          0x000001cf   Thumb Code    18  memseta.o(.text)
    strcat                                   0x000001e1   Thumb Code    24  strcat.o(.text)
    strchr                                   0x000001f9   Thumb Code    20  strchr.o(.text)
    strlen                                   0x0000020d   Thumb Code    14  strlen.o(.text)
    strncat                                  0x0000021b   Thumb Code    40  strncat.o(.text)
    strcpy                                   0x00000243   Thumb Code    18  strcpy.o(.text)
    __aeabi_uidiv                            0x00000255   Thumb Code     0  uidiv.o(.text)
    __aeabi_uidivmod                         0x00000255   Thumb Code    44  uidiv.o(.text)
    __scatterload                            0x00000281   Thumb Code    28  init.o(.text)
    __scatterload_rt2                        0x00000281   Thumb Code     0  init.o(.text)
    __decompress                             0x000002a5   Thumb Code     0  __dczerorl2.o(.text)
    __decompress1                            0x000002a5   Thumb Code    86  __dczerorl2.o(.text)
    osRtxKernelPreInit                       0x000002fb   Thumb Code     2  rtx_kernel.o(.text.osRtxKernelPreInit)
    OS_Tick_AcknowledgeIRQ                   0x000003c5   Thumb Code    12  os_systick.o(.text.OS_Tick_AcknowledgeIRQ)
    OS_Tick_Enable                           0x000003d1   Thumb Code    44  os_systick.o(.text.OS_Tick_Enable)
    OS_Tick_GetIRQn                          0x000003fd   Thumb Code     6  os_systick.o(.text.OS_Tick_GetIRQn)
    OS_Tick_Setup                            0x00000405   Thumb Code    64  os_systick.o(.text.OS_Tick_Setup)
    osKernelInitialize                       0x00000501   Thumb Code    44  rtx_kernel.o(.text.osKernelInitialize)
    osKernelStart                            0x0000052d   Thumb Code    36  rtx_kernel.o(.text.osKernelStart)
    osMessageQueueDelete                     0x00000551   Thumb Code    36  rtx_msgqueue.o(.text.osMessageQueueDelete)
    osMessageQueueGet                        0x00000575   Thumb Code   108  rtx_msgqueue.o(.text.osMessageQueueGet)
    osMessageQueueNew                        0x000005e1   Thumb Code    36  rtx_msgqueue.o(.text.osMessageQueueNew)
    osMessageQueuePut                        0x00000605   Thumb Code   120  rtx_msgqueue.o(.text.osMessageQueuePut)
    osRtxMemoryAlloc                         0x0000067d   Thumb Code   128  rtx_memory.o(.text.osRtxMemoryAlloc)
    osRtxMemoryFree                          0x000006fd   Thumb Code    82  rtx_memory.o(.text.osRtxMemoryFree)
    osRtxMemoryInit                          0x0000074f   Thumb Code    54  rtx_memory.o(.text.osRtxMemoryInit)
    osRtxMemoryPoolAlloc                     0x00000785   Thumb Code    58  rtx_mempool.o(.text.osRtxMemoryPoolAlloc)
    osRtxMemoryPoolFree                      0x000007bf   Thumb Code    74  rtx_mempool.o(.text.osRtxMemoryPoolFree)
    osRtxMemoryPoolInit                      0x00000809   Thumb Code    70  rtx_mempool.o(.text.osRtxMemoryPoolInit)
    osRtxMutexOwnerRelease                   0x00000909   Thumb Code    74  rtx_mutex.o(.text.osRtxMutexOwnerRelease)
    osRtxPendSV_Handler                      0x00000955   Thumb Code   144  rtx_system.o(.text.osRtxPendSV_Handler)
    osRtxPostProcess                         0x000009e5   Thumb Code   116  rtx_system.o(.text.osRtxPostProcess)
    osRtxThreadDelayTick                     0x00000b8d   Thumb Code    52  rtx_thread.o(.text.osRtxThreadDelayTick)
    osRtxThreadDispatch                      0x00000bc1   Thumb Code    92  rtx_thread.o(.text.osRtxThreadDispatch)
    osRtxThreadListGet                       0x00000c75   Thumb Code    20  rtx_thread.o(.text.osRtxThreadListGet)
    osRtxThreadListPut                       0x00000c89   Thumb Code    42  rtx_thread.o(.text.osRtxThreadListPut)
    osRtxThreadListRemove                    0x00000cb3   Thumb Code    20  rtx_thread.o(.text.osRtxThreadListRemove)
    osRtxThreadReadyPut                      0x00000cf1   Thumb Code    20  rtx_thread.o(.text.osRtxThreadReadyPut)
    osRtxThreadRegPtr                        0x00000d05   Thumb Code     6  rtx_thread.o(.text.osRtxThreadRegPtr)
    osRtxThreadStackCheck                    0x00000d0d   Thumb Code    40  rtx_thread.o(.text.osRtxThreadStackCheck)
    osRtxThreadStartup                       0x00000d35   Thumb Code    64  rtx_thread.o(.text.osRtxThreadStartup)
    osRtxThreadSwitch                        0x00000d75   Thumb Code    16  rtx_thread.o(.text.osRtxThreadSwitch)
    osRtxThreadWaitEnter                     0x00000d85   Thumb Code    60  rtx_thread.o(.text.osRtxThreadWaitEnter)
    osRtxThreadWaitExit                      0x00000dc1   Thumb Code    36  rtx_thread.o(.text.osRtxThreadWaitExit)
    osRtxTick_Handler                        0x00000de5   Thumb Code   112  rtx_system.o(.text.osRtxTick_Handler)
    osRtxTimerThread                         0x00000e55   Thumb Code    60  rtx_timer.o(.text.osRtxTimerThread)
    osSemaphoreAcquire                       0x00000ee9   Thumb Code    84  rtx_semaphore.o(.text.osSemaphoreAcquire)
    osSemaphoreDelete                        0x00000f3d   Thumb Code    36  rtx_semaphore.o(.text.osSemaphoreDelete)
    osSemaphoreNew                           0x00000f61   Thumb Code    36  rtx_semaphore.o(.text.osSemaphoreNew)
    osSemaphoreRelease                       0x00000f85   Thumb Code   100  rtx_semaphore.o(.text.osSemaphoreRelease)
    osThreadExit                             0x00000fe9   Thumb Code    12  rtx_thread.o(.text.osThreadExit)
    osThreadNew                              0x00000ff5   Thumb Code    36  rtx_thread.o(.text.osThreadNew)
    osThreadTerminate                        0x00001019   Thumb Code    36  rtx_thread.o(.text.osThreadTerminate)
    Free                                     0x000019f5   Thumb Code     6  uart.o(i.Free)
    FreeRcv                                  0x000019fd   Thumb Code    28  uart.o(i.FreeRcv)
    FreeSnd                                  0x00001a21   Thumb Code    28  uart.o(i.FreeSnd)
    SystemInit                               0x00001a45   Thumb Code   302  system_lpc17xx.o(i.SystemInit)
    UART0_IRQHandler                         0x00001b85   Thumb Code    88  uart.o(i.UART0_IRQHandler)
    UART1_IRQHandler                         0x00001bed   Thumb Code    90  uart.o(i.UART1_IRQHandler)
    UARTInit                                 0x00001c5d   Thumb Code   176  uart.o(i.UARTInit)
    UARTSendChar                             0x00001d19   Thumb Code    26  uart.o(i.UARTSendChar)
    __0printf$3                              0x00001d3d   Thumb Code    22  printf3.o(i.__0printf$3)
    __1printf$3                              0x00001d3d   Thumb Code     0  printf3.o(i.__0printf$3)
    __2printf                                0x00001d3d   Thumb Code     0  printf3.o(i.__0printf$3)
    __scatterload_copy                       0x00001d7f   Thumb Code    14  handlers.o(i.__scatterload_copy)
    __scatterload_null                       0x00001d8d   Thumb Code     2  handlers.o(i.__scatterload_null)
    __scatterload_zeroinit                   0x00001d8f   Thumb Code    14  handlers.o(i.__scatterload_zeroinit)
    broadcast                                0x00001f55   Thumb Code   252  general.o(i.broadcast)
    cleanup                                  0x00002075   Thumb Code    68  general.o(i.cleanup)
    fputc                                    0x000020c9   Thumb Code    14  retarget.o(i.fputc)
    general                                  0x000020d9   Thumb Code    62  general.o(i.general)
    getFrequency                             0x00002125   Thumb Code    62  uart.o(i.getFrequency)
    main                                     0x0000216d   Thumb Code    22  final.o(i.main)
    om                                       0x00002189   Thumb Code   290  general.o(i.om)
    osRtxErrorNotify                         0x000022d5   Thumb Code    32  rtx_config.o(i.osRtxErrorNotify)
    osRtxIdleThread                          0x000022f5   Thumb Code     4  rtx_config.o(i.osRtxIdleThread)
    sendchar                                 0x000022f9   Thumb Code    64  retarget.o(i.sendchar)
    setup                                    0x0000233d   Thumb Code   192  general.o(i.setup)
    startGenerals                            0x0000244d   Thumb Code    60  final.o(i.startGenerals)
    stopGenerals                             0x000024b9   Thumb Code    30  final.o(i.stopGenerals)
    testCases                                0x000024e1   Thumb Code   122  final.o(i.testCases)
    osRtxUserSVC                             0x000025fc   Data           4  rtx_lib.o(.constdata)
    osRtxConfig                              0x00002600   Data         104  rtx_lib.o(.rodata)
    os_cb_sections                           0x00002668   Data          56  rtx_lib.o(.rodata)
    Region$$Table$$Base                      0x000026ac   Number         0  anon$$obj.o(Region$$Table)
    Region$$Table$$Limit                     0x000026cc   Number         0  anon$$obj.o(Region$$Table)
    .bss.os.msgqueue.cb$$Base                0x10004840   Number         0  rtx_lib.o(.bss.os.msgqueue.cb)
    .bss.os.msgqueue.cb$$Limit               0x10004874   Number         0  rtx_lib.o(.bss.os.msgqueue.cb)
    .bss.os.thread.cb$$Base                  0x100048c4   Number         0  rtx_lib.o(.bss.os.thread.cb)
    .bss.os.thread.cb$$Limit                 0x1000494c   Number         0  rtx_lib.o(.bss.os.thread.cb)
    uart_init_called                         0x10004b50   Data           1  retarget.o(.data)
    __stdout                                 0x10004b54   Data           4  retarget.o(.data)
    __stdin                                  0x10004b58   Data           4  retarget.o(.data)
    ITM_RxBuffer                             0x10004b5c   Data           4  uart.o(.data)
    UART0Status                              0x10004b60   Data           4  uart.o(.data)
    UART1Status                              0x10004b64   Data           4  uart.o(.data)
    UART0TxEmpty                             0x10004b68   Data           1  uart.o(.data)
    UART1TxEmpty                             0x10004b69   Data           1  uart.o(.data)
    UART0Count                               0x10004b6c   Data           4  uart.o(.data)
    UART1Count                               0x10004b70   Data           4  uart.o(.data)
    RcvLock0                                 0x10004b74   Data           1  uart.o(.data)
    SndLock0                                 0x10004b75   Data           1  uart.o(.data)
    RcvLock1                                 0x10004b76   Data           1  uart.o(.data)
    SndLock1                                 0x10004b77   Data           1  uart.o(.data)
    i                                        0x10004b78   Data           4  uart.o(.data)
    loyal0                                   0x10004b7c   Data           3  final.o(.data)
    loyal1                                   0x10004b7f   Data           4  final.o(.data)
    loyal2                                   0x10004b83   Data           4  final.o(.data)
    loyal3                                   0x10004b87   Data           7  final.o(.data)
    loyal4                                   0x10004b8e   Data           3  final.o(.data)
    loyal5                                   0x10004b91   Data           7  final.o(.data)
    loyal6                                   0x10004b98   Data           7  final.o(.data)
    loyal7                                   0x10004b9f   Data           7  final.o(.data)
    loyal8                                   0x10004ba6   Data           7  final.o(.data)
    loyal9                                   0x10004bad   Data           7  final.o(.data)
    loyal10                                  0x10004bb4   Data           7  final.o(.data)
    loyal11                                  0x10004bbb   Data           7  final.o(.data)
    loyal12                                  0x10004bc2   Data           5  final.o(.data)
    loyal13                                  0x10004bc7   Data           5  final.o(.data)
    tests                                    0x10004bcc   Data         168  final.o(.data)
    ids                                      0x10004c74   Data           7  final.o(.data)
    nGeneral                                 0x10004c7b   Data           1  final.o(.data)
    rep                                      0x10004c7c   Data           1  general.o(.data)
    sender                                   0x10004c7d   Data           1  general.o(.data)
    n                                        0x10004c7e   Data           1  general.o(.data)
    m                                        0x10004c7f   Data           1  general.o(.data)
    recurse                                  0x10004c80   Data           7  general.o(.data)
    traitors                                 0x10004c87   Data           2  general.o(.data)
    isFromBroadcast                          0x10004c89   Data           7  general.o(.data)
    SystemCoreClock                          0x10004c90   Data           4  system_lpc17xx.o(.data)
    osRtxInfo                                0x10004c94   Data         164  rtx_kernel.o(.data.os)
    UART0Buffer                              0x10004d38   Data          64  uart.o(.bss)
    UART1Buffer                              0x10004d78   Data          64  uart.o(.bss)
    generals                                 0x10004db8   Data          28  final.o(.bss)
    receivedFrom                             0x10004dd4   Data          56  general.o(.bss)
    queues                                   0x10004e0c   Data          84  general.o(.bss)
    done                                     0x10004e60   Data          28  general.o(.bss)
    ready                                    0x10004e7c   Data          28  general.o(.bss)
    __initial_sp                             0x100056a0   Data           0  startup_lpc17xx.o(STACK)



==============================================================================

Memory Map of the image

  Image Entry point : 0x000000e1

  Load Region LR_1 (Base: 0x00000000, Size: 0x00007404, Max: 0xffffffff, ABSOLUTE, COMPRESSED[0x000027f4])

    Execution Region ER_RO (Exec base: 0x00000000, Load base: 0x00000000, Size: 0x000026cc, Max: 0xffffffff, ABSOLUTE)

    Exec Addr    Load Addr    Size         Type   Attr      Idx    E Section Name        Object

    0x00000000   0x00000000   0x000000cc   Data   RO          386    RESET               startup_lpc17xx.o
    0x000000cc   0x000000cc   0x00000000   Code   RO          919  * .ARM.Collect$$$$00000000  mc_w.l(entry.o)
    0x000000cc   0x000000cc   0x00000004   Code   RO         1201    .ARM.Collect$$$$00000001  mc_w.l(entry2.o)
    0x000000d0   0x000000d0   0x00000004   Code   RO         1204    .ARM.Collect$$$$00000004  mc_w.l(entry5.o)
    0x000000d4   0x000000d4   0x00000000   Code   RO         1206    .ARM.Collect$$$$00000008  mc_w.l(entry7b.o)
    0x000000d4   0x000000d4   0x00000000   Code   RO         1208    .ARM.Collect$$$$0000000A  mc_w.l(entry8b.o)
    0x000000d4   0x000000d4   0x00000008   Code   RO         1209    .ARM.Collect$$$$0000000B  mc_w.l(entry9a.o)
    0x000000dc   0x000000dc   0x00000000   Code   RO         1211    .ARM.Collect$$$$0000000D  mc_w.l(entry10a.o)
    0x000000dc   0x000000dc   0x00000000   Code   RO         1213    .ARM.Collect$$$$0000000F  mc_w.l(entry11a.o)
    0x000000dc   0x000000dc   0x00000004   Code   RO         1202    .ARM.Collect$$$$00002712  mc_w.l(entry2.o)
    0x000000e0   0x000000e0   0x00000024   Code   RO          388  * .text               startup_lpc17xx.o
    0x00000104   0x00000104   0x00000094   Code   RO          728    .text               RTX_CM3.lib(irq_cm3.o)
    0x00000198   0x00000198   0x00000024   Code   RO          924    .text               mc_w.l(memcpya.o)
    0x000001bc   0x000001bc   0x00000024   Code   RO          926    .text               mc_w.l(memseta.o)
    0x000001e0   0x000001e0   0x00000018   Code   RO          928    .text               mc_w.l(strcat.o)
    0x000001f8   0x000001f8   0x00000014   Code   RO          930    .text               mc_w.l(strchr.o)
    0x0000020c   0x0000020c   0x0000000e   Code   RO          932    .text               mc_w.l(strlen.o)
    0x0000021a   0x0000021a   0x00000028   Code   RO          934    .text               mc_w.l(strncat.o)
    0x00000242   0x00000242   0x00000012   Code   RO          936    .text               mc_w.l(strcpy.o)
    0x00000254   0x00000254   0x0000002c   Code   RO         1215    .text               mc_w.l(uidiv.o)
    0x00000280   0x00000280   0x00000024   Code   RO         1232    .text               mc_w.l(init.o)
    0x000002a4   0x000002a4   0x00000056   Code   RO         1246    .text               mc_w.l(__dczerorl2.o)
    0x000002fa   0x000002fa   0x00000002   Code   RO          438    .text.osRtxKernelPreInit  RTX_CM3.lib(rtx_kernel.o)
    0x000002fc   0x000002fc   0x00000004   Code   RO          387    .ARM.__at_0x02FC    startup_lpc17xx.o
    0x00000300   0x00000300   0x00000044   Code   RO          711    .text.MessageQueueGet  RTX_CM3.lib(rtx_msgqueue.o)
    0x00000344   0x00000344   0x00000062   Code   RO          705    .text.MessageQueuePut  RTX_CM3.lib(rtx_msgqueue.o)
    0x000003a6   0x000003a6   0x0000001c   Code   RO          703    .text.MessageQueueRemove  RTX_CM3.lib(rtx_msgqueue.o)
    0x000003c2   0x000003c2   0x00000002   PAD
    0x000003c4   0x000003c4   0x0000000c   Code   RO          898    .text.OS_Tick_AcknowledgeIRQ  RTX_CM3.lib(os_systick.o)
    0x000003d0   0x000003d0   0x0000002c   Code   RO          894    .text.OS_Tick_Enable  RTX_CM3.lib(os_systick.o)
    0x000003fc   0x000003fc   0x00000006   Code   RO          900    .text.OS_Tick_GetIRQn  RTX_CM3.lib(os_systick.o)
    0x00000402   0x00000402   0x00000002   PAD
    0x00000404   0x00000404   0x00000040   Code   RO          892    .text.OS_Tick_Setup  RTX_CM3.lib(os_systick.o)
    0x00000444   0x00000444   0x0000006a   Code   RO          583    .text.ThreadFlagsCheck  RTX_CM3.lib(rtx_thread.o)
    0x000004ae   0x000004ae   0x00000002   PAD
    0x000004b0   0x000004b0   0x00000050   Code   RO          749    .text.TimerInsert   RTX_CM3.lib(rtx_timer.o)
    0x00000500   0x00000500   0x0000002c   Code   RO          440    .text.osKernelInitialize  RTX_CM3.lib(rtx_kernel.o)
    0x0000052c   0x0000052c   0x00000024   Code   RO          450    .text.osKernelStart  RTX_CM3.lib(rtx_kernel.o)
    0x00000550   0x00000550   0x00000024   Code   RO          697    .text.osMessageQueueDelete  RTX_CM3.lib(rtx_msgqueue.o)
    0x00000574   0x00000574   0x0000006c   Code   RO          677    .text.osMessageQueueGet  RTX_CM3.lib(rtx_msgqueue.o)
    0x000005e0   0x000005e0   0x00000024   Code   RO          671    .text.osMessageQueueNew  RTX_CM3.lib(rtx_msgqueue.o)
    0x00000604   0x00000604   0x00000078   Code   RO          675    .text.osMessageQueuePut  RTX_CM3.lib(rtx_msgqueue.o)
    0x0000067c   0x0000067c   0x00000080   Code   RO          811    .text.osRtxMemoryAlloc  RTX_CM3.lib(rtx_memory.o)
    0x000006fc   0x000006fc   0x00000052   Code   RO          813    .text.osRtxMemoryFree  RTX_CM3.lib(rtx_memory.o)
    0x0000074e   0x0000074e   0x00000036   Code   RO          809    .text.osRtxMemoryInit  RTX_CM3.lib(rtx_memory.o)
    0x00000784   0x00000784   0x0000003a   Code   RO          826    .text.osRtxMemoryPoolAlloc  RTX_CM3.lib(rtx_mempool.o)
    0x000007be   0x000007be   0x0000004a   Code   RO          828    .text.osRtxMemoryPoolFree  RTX_CM3.lib(rtx_mempool.o)
    0x00000808   0x00000808   0x00000046   Code   RO          824    .text.osRtxMemoryPoolInit  RTX_CM3.lib(rtx_mempool.o)
    0x0000084e   0x0000084e   0x000000ba   Code   RO          701    .text.osRtxMessageQueuePostProcess  RTX_CM3.lib(rtx_msgqueue.o)
    0x00000908   0x00000908   0x0000004a   Code   RO          774    .text.osRtxMutexOwnerRelease  RTX_CM3.lib(rtx_mutex.o)
    0x00000952   0x00000952   0x00000002   PAD
    0x00000954   0x00000954   0x00000090   Code   RO          879    .text.osRtxPendSV_Handler  RTX_CM3.lib(rtx_system.o)
    0x000009e4   0x000009e4   0x00000074   Code   RO          881    .text.osRtxPostProcess  RTX_CM3.lib(rtx_system.o)
    0x00000a58   0x00000a58   0x00000036   Code   RO          652    .text.osRtxSemaphorePostProcess  RTX_CM3.lib(rtx_semaphore.o)
    0x00000a8e   0x00000a8e   0x00000002   PAD
    0x00000a90   0x00000a90   0x00000038   Code   RO          523    .text.osRtxThreadBlock  RTX_CM3.lib(rtx_thread.o)
    0x00000ac8   0x00000ac8   0x00000088   Code   RO          531    .text.osRtxThreadDelayInsert  RTX_CM3.lib(rtx_thread.o)
    0x00000b50   0x00000b50   0x0000003c   Code   RO          527    .text.osRtxThreadDelayRemove  RTX_CM3.lib(rtx_thread.o)
    0x00000b8c   0x00000b8c   0x00000034   Code   RO          513    .text.osRtxThreadDelayTick  RTX_CM3.lib(rtx_thread.o)
    0x00000bc0   0x00000bc0   0x0000005c   Code   RO          521    .text.osRtxThreadDispatch  RTX_CM3.lib(rtx_thread.o)
    0x00000c1c   0x00000c1c   0x00000058   Code   RO          607    .text.osRtxThreadFree  RTX_CM3.lib(rtx_thread.o)
    0x00000c74   0x00000c74   0x00000014   Code   RO          505    .text.osRtxThreadListGet  RTX_CM3.lib(rtx_thread.o)
    0x00000c88   0x00000c88   0x0000002a   Code   RO          503    .text.osRtxThreadListPut  RTX_CM3.lib(rtx_thread.o)
    0x00000cb2   0x00000cb2   0x00000014   Code   RO          509    .text.osRtxThreadListRemove  RTX_CM3.lib(rtx_thread.o)
    0x00000cc6   0x00000cc6   0x0000002a   Code   RO          581    .text.osRtxThreadPostProcess  RTX_CM3.lib(rtx_thread.o)
    0x00000cf0   0x00000cf0   0x00000014   Code   RO          511    .text.osRtxThreadReadyPut  RTX_CM3.lib(rtx_thread.o)
    0x00000d04   0x00000d04   0x00000006   Code   RO          515    .text.osRtxThreadRegPtr  RTX_CM3.lib(rtx_thread.o)
    0x00000d0a   0x00000d0a   0x00000002   PAD
    0x00000d0c   0x00000d0c   0x00000028   Code   RO          519    .text.osRtxThreadStackCheck  RTX_CM3.lib(rtx_thread.o)
    0x00000d34   0x00000d34   0x00000040   Code   RO          533    .text.osRtxThreadStartup  RTX_CM3.lib(rtx_thread.o)
    0x00000d74   0x00000d74   0x00000010   Code   RO          517    .text.osRtxThreadSwitch  RTX_CM3.lib(rtx_thread.o)
    0x00000d84   0x00000d84   0x0000003c   Code   RO          529    .text.osRtxThreadWaitEnter  RTX_CM3.lib(rtx_thread.o)
    0x00000dc0   0x00000dc0   0x00000024   Code   RO          525    .text.osRtxThreadWaitExit  RTX_CM3.lib(rtx_thread.o)
    0x00000de4   0x00000de4   0x00000070   Code   RO          877    .text.osRtxTick_Handler  RTX_CM3.lib(rtx_system.o)
    0x00000e54   0x00000e54   0x0000003c   Code   RO          733    .text.osRtxTimerThread  RTX_CM3.lib(rtx_timer.o)
    0x00000e90   0x00000e90   0x00000058   Code   RO          735    .text.osRtxTimerTick  RTX_CM3.lib(rtx_timer.o)
    0x00000ee8   0x00000ee8   0x00000054   Code   RO          640    .text.osSemaphoreAcquire  RTX_CM3.lib(rtx_semaphore.o)
    0x00000f3c   0x00000f3c   0x00000024   Code   RO          648    .text.osSemaphoreDelete  RTX_CM3.lib(rtx_semaphore.o)
    0x00000f60   0x00000f60   0x00000024   Code   RO          636    .text.osSemaphoreNew  RTX_CM3.lib(rtx_semaphore.o)
    0x00000f84   0x00000f84   0x00000064   Code   RO          642    .text.osSemaphoreRelease  RTX_CM3.lib(rtx_semaphore.o)
    0x00000fe8   0x00000fe8   0x0000000c   Code   RO          565    .text.osThreadExit  RTX_CM3.lib(rtx_thread.o)
    0x00000ff4   0x00000ff4   0x00000024   Code   RO          537    .text.osThreadNew   RTX_CM3.lib(rtx_thread.o)
    0x00001018   0x00001018   0x00000024   Code   RO          567    .text.osThreadTerminate  RTX_CM3.lib(rtx_thread.o)
    0x0000103c   0x0000103c   0x00000154   Code   RO          478    .text.svcRtxKernelInitialize  RTX_CM3.lib(rtx_kernel.o)
    0x00001190   0x00001190   0x00000088   Code   RO          480    .text.svcRtxKernelStart  RTX_CM3.lib(rtx_kernel.o)
    0x00001218   0x00001218   0x00000070   Code   RO          717    .text.svcRtxMessageQueueDelete  RTX_CM3.lib(rtx_msgqueue.o)
    0x00001288   0x00001288   0x000000e0   Code   RO          713    .text.svcRtxMessageQueueGet  RTX_CM3.lib(rtx_msgqueue.o)
    0x00001368   0x00001368   0x00000134   Code   RO          699    .text.svcRtxMessageQueueNew  RTX_CM3.lib(rtx_msgqueue.o)
    0x0000149c   0x0000149c   0x000000c0   Code   RO          709    .text.svcRtxMessageQueuePut  RTX_CM3.lib(rtx_msgqueue.o)
    0x0000155c   0x0000155c   0x00000058   Code   RO          656    .text.svcRtxSemaphoreAcquire  RTX_CM3.lib(rtx_semaphore.o)
    0x000015b4   0x000015b4   0x00000060   Code   RO          660    .text.svcRtxSemaphoreDelete  RTX_CM3.lib(rtx_semaphore.o)
    0x00001614   0x00001614   0x00000080   Code   RO          650    .text.svcRtxSemaphoreNew  RTX_CM3.lib(rtx_semaphore.o)
    0x00001694   0x00001694   0x00000054   Code   RO          658    .text.svcRtxSemaphoreRelease  RTX_CM3.lib(rtx_semaphore.o)
    0x000016e8   0x000016e8   0x00000070   Code   RO          611    .text.svcRtxThreadExit  RTX_CM3.lib(rtx_thread.o)
    0x00001758   0x00001758   0x000001dc   Code   RO          535    .text.svcRtxThreadNew  RTX_CM3.lib(rtx_thread.o)
    0x00001934   0x00001934   0x000000c0   Code   RO          613    .text.svcRtxThreadTerminate  RTX_CM3.lib(rtx_thread.o)
    0x000019f4   0x000019f4   0x00000006   Code   RO           73    i.Free              uart.o
    0x000019fa   0x000019fa   0x00000002   PAD
    0x000019fc   0x000019fc   0x00000024   Code   RO           74    i.FreeRcv           uart.o
    0x00001a20   0x00001a20   0x00000024   Code   RO           75    i.FreeSnd           uart.o
    0x00001a44   0x00001a44   0x00000140   Code   RO          398    i.SystemInit        system_lpc17xx.o
    0x00001b84   0x00001b84   0x00000068   Code   RO           79    i.UART0_IRQHandler  uart.o
    0x00001bec   0x00001bec   0x00000070   Code   RO           80    i.UART1_IRQHandler  uart.o
    0x00001c5c   0x00001c5c   0x000000bc   Code   RO           81    i.UARTInit          uart.o
    0x00001d18   0x00001d18   0x00000024   Code   RO           85    i.UARTSendChar      uart.o
    0x00001d3c   0x00001d3c   0x00000020   Code   RO         1029    i.__0printf$3       mc_w.l(printf3.o)
    0x00001d5c   0x00001d5c   0x00000022   Code   RO           86    i.__NVIC_EnableIRQ  uart.o
    0x00001d7e   0x00001d7e   0x0000000e   Code   RO         1240    i.__scatterload_copy  mc_w.l(handlers.o)
    0x00001d8c   0x00001d8c   0x00000002   Code   RO         1241    i.__scatterload_null  mc_w.l(handlers.o)
    0x00001d8e   0x00001d8e   0x0000000e   Code   RO         1242    i.__scatterload_zeroinit  mc_w.l(handlers.o)
    0x00001d9c   0x00001d9c   0x000001b8   Code   RO         1036    i._printf_core      mc_w.l(printf3.o)
    0x00001f54   0x00001f54   0x00000120   Code   RO          257    i.broadcast         general.o
    0x00002074   0x00002074   0x00000054   Code   RO          258    i.cleanup           general.o
    0x000020c8   0x000020c8   0x0000000e   Code   RO            5    i.fputc             retarget.o
    0x000020d6   0x000020d6   0x00000002   PAD
    0x000020d8   0x000020d8   0x0000004c   Code   RO          259    i.general           general.o
    0x00002124   0x00002124   0x00000048   Code   RO           87    i.getFrequency      uart.o
    0x0000216c   0x0000216c   0x0000001c   Code   RO          204    i.main              final.o
    0x00002188   0x00002188   0x0000014c   Code   RO          260    i.om                general.o
    0x000022d4   0x000022d4   0x00000020   Code   RO          353    i.osRtxErrorNotify  rtx_config.o
    0x000022f4   0x000022f4   0x00000004   Code   RO          354    i.osRtxIdleThread   rtx_config.o
    0x000022f8   0x000022f8   0x00000044   Code   RO            7    i.sendchar          retarget.o
    0x0000233c   0x0000233c   0x00000110   Code   RO          261    i.setup             general.o
    0x0000244c   0x0000244c   0x0000006c   Code   RO          205    i.startGenerals     final.o
    0x000024b8   0x000024b8   0x00000028   Code   RO          206    i.stopGenerals      final.o
    0x000024e0   0x000024e0   0x000000a8   Code   RO          207    i.testCases         final.o
    0x00002588   0x00002588   0x00000014   Data   RO          263    .constdata          general.o
    0x0000259c   0x0000259c   0x00000064   Data   RO          313    .constdata          rtx_lib.o
    0x00002600   0x00002600   0x000000a0   Data   RO          315    .rodata             rtx_lib.o
    0x000026a0   0x000026a0   0x0000000b   Data   RO          492    .rodata.str1.4      RTX_CM3.lib(rtx_kernel.o)
    0x000026ab   0x000026ab   0x00000001   PAD
    0x000026ac   0x000026ac   0x00000020   Data   RO         1238    Region$$Table       anon$$obj.o


    Execution Region ER_RW (Exec base: 0x10000000, Load base: 0x000026cc, Size: 0x00004d38, Max: 0xffffffff, ABSOLUTE, COMPRESSED[0x00000128])

    Exec Addr    Load Addr    Size         Type   Attr      Idx    E Section Name        Object

    0x10000000   COMPRESSED   0x00004840   Data   RW          308    .bss.os             rtx_lib.o
    0x10004840   COMPRESSED   0x00000034   Data   RW          309    .bss.os.msgqueue.cb  rtx_lib.o
    0x10004874   COMPRESSED   0x00000050   Data   RW          310    .bss.os.msgqueue.mem  rtx_lib.o
    0x100048c4   COMPRESSED   0x00000088   Data   RW          311    .bss.os.thread.cb   rtx_lib.o
    0x1000494c   COMPRESSED   0x00000004   PAD
    0x10004950   COMPRESSED   0x00000200   Data   RW          312    .bss.os.thread.stack  rtx_lib.o
    0x10004b50   COMPRESSED   0x0000000c   Data   RW            8    .data               retarget.o
    0x10004b5c   COMPRESSED   0x00000020   Data   RW           89    .data               uart.o
    0x10004b7c   COMPRESSED   0x00000100   Data   RW          209    .data               final.o
    0x10004c7c   COMPRESSED   0x00000014   Data   RW          264    .data               general.o
    0x10004c90   COMPRESSED   0x00000004   Data   RW          399    .data               system_lpc17xx.o
    0x10004c94   COMPRESSED   0x000000a4   Data   RW          493    .data.os            RTX_CM3.lib(rtx_kernel.o)


    Execution Region ER_ZI (Exec base: 0x10004d38, Load base: 0x000027f4, Size: 0x00000968, Max: 0xffffffff, ABSOLUTE)

    Exec Addr    Load Addr    Size         Type   Attr      Idx    E Section Name        Object

    0x10004d38        -       0x00000080   Zero   RW           88    .bss                uart.o
    0x10004db8        -       0x0000001c   Zero   RW          208    .bss                final.o
    0x10004dd4        -       0x000000c4   Zero   RW          262    .bss                general.o
    0x10004e98        -       0x00000001   Zero   RW          910    .bss.PendST         RTX_CM3.lib(os_systick.o)
    0x10004e99   0x000027f4   0x00000007   PAD
    0x10004ea0        -       0x00000800   Zero   RW          384    STACK               startup_lpc17xx.o


==============================================================================

Image component sizes


      Code (inc. data)   RO Data    RW Data    ZI Data      Debug   Object Name

       344        110          0        256         28       7306   final.o
      1052        188         20         20        196       5106   general.o
        82          4          0         12          0       7566   retarget.o
        36          6          0          0          0       1005   rtx_config.o
         0          0        260      19276          0      12858   rtx_lib.o
        40         12        204          0       2048       1036   startup_lpc17xx.o
       320         18          0          4          0        851   system_lpc17xx.o
       624         86          0         32        128      23015   uart.o

    ----------------------------------------------------------------------
      2502        424        516      19604       2400      58743   Object Totals
         0          0         32          0          0          0   (incl. Generated)
         4          0          0          4          0          0   (incl. Padding)

    ----------------------------------------------------------------------

      Code (inc. data)   RO Data    RW Data    ZI Data      Debug   Library Member Name

       148         10          0          0          0        484   irq_cm3.o
       126         32          0          0          1       3108   os_systick.o
       558         36         11        164          0      17132   rtx_kernel.o
       264          0          0          0          0       2403   rtx_memory.o
       202          0          0          0          0      16408   rtx_mempool.o
      1516         36          0          0          0      18781   rtx_msgqueue.o
        74          0          0          0          0       9465   rtx_mutex.o
       706         32          0          0          0      10965   rtx_semaphore.o
       372         26          0          0          0       5417   rtx_system.o
      1820        100          0          0          0      32225   rtx_thread.o
       228         20          0          0          0      10252   rtx_timer.o
        86          0          0          0          0          0   __dczerorl2.o
         0          0          0          0          0          0   entry.o
         0          0          0          0          0          0   entry10a.o
         0          0          0          0          0          0   entry11a.o
         8          4          0          0          0          0   entry2.o
         4          0          0          0          0          0   entry5.o
         0          0          0          0          0          0   entry7b.o
         0          0          0          0          0          0   entry8b.o
         8          4          0          0          0          0   entry9a.o
        30          0          0          0          0          0   handlers.o
        36          8          0          0          0         68   init.o
        36          0          0          0          0         68   memcpya.o
        36          0          0          0          0        108   memseta.o
       472         14          0          0          0        184   printf3.o
        24          0          0          0          0         68   strcat.o
        20          0          0          0          0         68   strchr.o
        18          0          0          0          0         68   strcpy.o
        14          0          0          0          0         68   strlen.o
        40          0          0          0          0         76   strncat.o
        44          0          0          0          0         80   uidiv.o

    ----------------------------------------------------------------------
      6902        322         12        164          8     127496   Library Totals
        12          0          1          0          7          0   (incl. Padding)

    ----------------------------------------------------------------------

      Code (inc. data)   RO Data    RW Data    ZI Data      Debug   Library Name

      6014        292         11        164          1     126640   RTX_CM3.lib
       876         30          0          0          0        856   mc_w.l

    ----------------------------------------------------------------------
      6902        322         12        164          8     127496   Library Totals

    ----------------------------------------------------------------------

==============================================================================


      Code (inc. data)   RO Data    RW Data    ZI Data      Debug   

      9404        746        528      19768       2408     184819   Grand Totals
      9404        746        528        296       2408     184819   ELF Image Totals (compressed)
      9404        746        528        296          0          0   ROM Totals

==============================================================================

    Total RO  Size (Code + RO Data)                 9932 (   9.70kB)
    Total RW  Size (RW Data + ZI Data)             22176 (  21.66kB)
    Total ROM Size (Code + RO Data + RW Data)      10228 (   9.99kB)

==============================================================================

